/Users/jpnbook/Sync/Repository/OpenTag/apps/demo_xrttest/app/main.c:248:6:xrt_applet_fec	16	static
/Users/jpnbook/Sync/Repository/OpenTag/apps/demo_xrttest/app/main.c:172:9:alp_ext_proc	24	static
/Users/jpnbook/Sync/Repository/OpenTag/apps/demo_xrttest/app/main.c:265:6:xrt_applet_nofec	16	static
/Users/jpnbook/Sync/Repository/OpenTag/apps/demo_xrttest/app/main.c:300:6:xrt_invoke	8	static
/Users/jpnbook/Sync/Repository/OpenTag/apps/demo_xrttest/app/main.c:132:6:platform_isr_exti0	8	static
/Users/jpnbook/Sync/Repository/OpenTag/apps/demo_xrttest/app/main.c:398:6:app_set_txpwr	16	static
/Users/jpnbook/Sync/Repository/OpenTag/apps/demo_xrttest/app/main.c:447:6:setup_init	8	static
/Users/jpnbook/Sync/Repository/OpenTag/apps/demo_xrttest/app/main.c:491:8:setup_beacons	24	static
/Users/jpnbook/Sync/Repository/OpenTag/apps/demo_xrttest/app/main.c:520:6:setup_listen	24	static
/Users/jpnbook/Sync/Repository/OpenTag/apps/demo_xrttest/app/main.c:311:6:xrttest_systask	16	static
/Users/jpnbook/Sync/Repository/OpenTag/apps/demo_xrttest/app/main.c:580:6:main	16	static
