/Users/jpnbook/Sync/Repository/OpenTag/alp/asapi.c:249:13:sub_release_record	0	static
/Users/jpnbook/Sync/Repository/OpenTag/alp/asapi.c:242:13:sub_q_purge	8	static
/Users/jpnbook/Sync/Repository/OpenTag/alp/asapi.c:255:15:sub_retrieve_record	8	static
/Users/jpnbook/Sync/Repository/OpenTag/alp/asapi.c:261:14:sub_check_more_records	8	static
/Users/jpnbook/Sync/Repository/OpenTag/alp/asapi.c:95:8:sub_test_stream	24	static
/Users/jpnbook/Sync/Repository/OpenTag/alp/asapi.c:137:8:sub_test_tmpl	16	static
/Users/jpnbook/Sync/Repository/OpenTag/alp/asapi.c:199:6:asapi_init_srv	8	static
/Users/jpnbook/Sync/Repository/OpenTag/alp/asapi.c:234:13:sub_stop_srv	8	static
/Users/jpnbook/Sync/Repository/OpenTag/alp/asapi.c:369:15:sub_start_session	48	static
/Users/jpnbook/Sync/Repository/OpenTag/alp/asapi.c:462:6:asapi_applet	88	static
/Users/jpnbook/Sync/Repository/OpenTag/alp/asapi.c:209:6:asapi_open_srv	0	static
/Users/jpnbook/Sync/Repository/OpenTag/alp/asapi.c:219:9:asapi_close_srv	8	static
/Users/jpnbook/Sync/Repository/OpenTag/alp/asapi.c:272:9:asapi_proc	32	static
