radio_rm2.c:538:6:sub_initcad	8	static
radio_rm2.c:191:14:radio_init	8	static
radio_rm2.c:242:14:radio_set_mactimer	8	static
radio_rm2.c:252:14:radio_activate_queue	0	static
radio_rm2.c:264:15:radio_buffer	0	static
radio_rm2.c:282:17:rm2_clip_txeirp	8	static
radio_rm2.c:286:17:rm2_calc_rssithr	8	static
radio_rm2.c:355:9:rm2_channel_fastcheck	0	static
radio_rm2.c:371:14:rm2_enter_channel	16	static
radio_rm2.c:418:14:rm2_mac_configure	0	static
radio_rm2.c:426:14:rm2_calc_link	8	static
radio_rm2.c:444:16:rm2_flood_getcounter	8	static
radio_rm2.c:458:14:rm2_flood_txstop	8	static
radio_rm2.c:470:14:rm2_flood_txstart	8	static
radio_rm2.c:750:14:rm2_rxsync_isr	8	static
radio_rm2.c:912:14:rm2_txinit	8	static
radio_rm2.c:983:14:rm2_resend	8	static
radio_rm2.c:1005:9:sub_cca_isfail	8	static
radio_rm2.c:1196:6:sx127xdrv_null	0	static
radio_rm2.c:1200:14:sx127xdrv_mdmconfig	40	static
radio_rm2.c:698:14:rm2_rxtest	8	static
radio_rm2.c:1263:14:sx127xdrv_save_linkinfo	0	static
radio_rm2.c:1290:14:radio_gag	8	static
radio_rm2.c:225:14:radio_finish	16	static
radio_rm2.c:490:6:sub_hwtimeout_isr	8	static
radio_rm2.c:603:14:rm2_rxinit	16	static
radio_rm2.c:848:6:rm2_decode_s2	8	static
radio_rm2.c:511:14:rm2_rxtimeout_isr	8	static
radio_rm2.c:824:14:rm2_rxend_isr	8	static
radio_rm2.c:1297:14:radio_ungag	8	static
radio_rm2.c:1305:14:radio_sleep	8	static
radio_rm2.c:1283:14:radio_off	8	static
radio_rm2.c:1323:14:radio_idle	8	static
radio_rm2.c:477:14:rm2_kill	8	static
radio_rm2.c:994:6:sub_cad_csma	8	static
radio_rm2.c:1151:14:rm2_txdata_isr	8	static
radio_rm2.c:1340:14:radio_putbyte	8	static
radio_rm2.c:1346:14:radio_putfourbytes	0	static
radio_rm2.c:1352:15:radio_getbyte	8	static
radio_rm2.c:1358:14:sx127x_getfourbytes	0	static
radio_rm2.c:1364:14:radio_flush_rx	8	static
radio_rm2.c:719:14:rm2_reenter_rx	8	static
radio_rm2.c:530:6:sub_initrx	8	static
radio_rm2.c:690:6:sub_rxtest_callback	8	static
radio_rm2.c:780:14:rm2_rxdata_isr	8	static
radio_rm2.c:1370:14:radio_flush_tx	8	static
radio_rm2.c:945:14:rm2_txtest	8	static
radio_rm2.c:1018:14:rm2_txcsma_isr	8	static
radio_rm2.c:115:6:sx127x_virtual_isr	8	static
radio_rm2.c:150:14:radio_mac_isr	8	static
radio_rm2.c:1376:17:radio_rxopen	8	static
radio_rm2.c:1382:17:radio_rxopen_4	8	static
radio_rm2.c:1388:17:radio_txopen	0	static
radio_rm2.c:1394:17:radio_txopen_4	8	static
radio_rm2.c:1401:16:radio_rssi	0	static
radio_rm2.c:1408:17:radio_check_cca	8	static
radio_rm2.c:1415:14:radio_calibrate	0	static
radio_rm2.c:1421:15:radio_getlinkinfo	0	static
radio_rm2.c:1433:15:radio_getpwrcode	8	static
