SX127x_interface.c:80:14:sx127x_int_off	8	static
SX127x_interface.c:84:14:sx127x_int_on	8	static
SX127x_interface.c:112:13:sx127x_int_listen	8	static
SX127x_interface.c:117:13:sx127x_int_rxdata	8	static
SX127x_interface.c:122:13:sx127x_int_rxend	8	static
SX127x_interface.c:127:13:sx127x_int_csma	8	static
SX127x_interface.c:132:13:sx127x_int_txdata	8	static
SX127x_interface.c:138:6:sx127x_irq0_isr	8	static
SX127x_interface.c:139:6:sx127x_irq1_isr	8	static
SX127x_interface.c:140:6:sx127x_irq2_isr	8	static
SX127x_interface.c:141:6:sx127x_irq3_isr	8	static
SX127x_interface.c:142:6:sx127x_irq4_isr	8	static
SX127x_interface.c:143:6:sx127x_irq5_isr	8	static
SX127x_interface.c:254:9:sx127x_isready	8	static
SX127x_interface.c:272:6:sx127x_waitfor_ready	8	static
SX127x_interface.c:346:9:sx127x_check_cadpin	8	static
SX127x_interface.c:421:7:sx127x_read	16	static
SX127x_interface.c:215:6:sx127x_corelog	32	static
SX127x_interface.c:231:6:sx127x_coredump	24	static
SX127x_interface.c:350:7:sx127x_getstatus	8	static
SX127x_interface.c:356:7:sx127x_mode	8	static
SX127x_interface.c:360:7:sx127x_rxbytes	8	static
SX127x_interface.c:361:7:sx127x_rssi	8	static
SX127x_interface.c:362:7:sx127x_pktrssi	8	static
SX127x_interface.c:363:7:sx127x_pktsnr	8	static
SX127x_interface.c:426:6:sx127x_burstread	24	static
SX127x_interface.c:431:6:sx127x_write	16	static
SX127x_interface.c:97:13:sx127x_iocfg_cad	8	static
SX127x_interface.c:102:13:sx127x_iocfg_rx	8	static
SX127x_interface.c:107:13:sx127x_iocfg_tx	8	static
SX127x_interface.c:158:6:sx127x_load_defaults	8	static
SX127x_interface.c:375:6:sx127x_strobe	16	static
SX127x_interface.c:438:6:sx127x_burstwrite	16	static
SX127x_interface.c:459:6:sx127x_start_counter	8	static
SX127x_interface.c:463:6:sx127x_stop_counter	0	static
SX127x_interface.c:466:8:sx127x_get_counter	8	static
SX127x_interface.c:480:8:sx127x_calc_rssi	0	static
SX127x_interface.c:506:7:sx127x_calc_rssithr	0	static
SX127x_interface.c:535:7:sx127x_clip_txeirp	0	static
SX127x_interface.c:561:6:sx127x_set_txpwr	8	static
