transport.c:537:6:sub_opgroup_scinit	0	static
transport.c:543:6:sub_opgroup_sctransport	0	static
transport.c:945:8:sub_load_charcorrelation	12	static
transport.c:996:8:sub_load_comparison	4	static
transport.c:1005:8:sub_load_return	8	static
transport.c:59:17:m2qp_sig_isf	0	static
transport.c:458:6:sub_opgroup_globalisf	8	static
transport.c:465:6:sub_opgroup_udp	8	static
transport.c:61:17:m2qp_sig_ctl	0	static
transport.c:63:17:m2qp_sig_a2p	0	static
transport.c:224:9:m2qp_sig_null	0	static
transport.c:240:14:m2qp_init	8	static
transport.c:319:8:sub_parse_response	16	static
transport.c:370:8:sub_parse_control	16	static
transport.c:556:6:sub_renack	8	static
transport.c:549:6:sub_opgroup_rfu	8	static
transport.c:565:6:sub_load_query	16	static
transport.c:840:16:m2qp_load_isf	56	static
transport.c:673:16:m2qp_isf_comp	24	static
transport.c:599:8:sub_process_query	24	static
transport.c:387:8:sub_parse_request	24	static
transport.c:278:16:m2qp_parse_frame	8	static
transport.c:748:16:m2qp_isf_call	64	static
transport.c:516:6:sub_opgroup_collection	8	static
transport.c:1013:8:sub_load_nonnull	0	static
