/Users/jpnbook/Sync/Repository/OpenTag/m2/dll_task.c:431:14:dll_response_applet	8	static
/Users/jpnbook/Sync/Repository/OpenTag/m2/dll_task.c:1555:6:sub_csma_scramble	24	static
/Users/jpnbook/Sync/Repository/OpenTag/m2/dll_task.c:1646:10:sub_rigd_newslot	8	static
/Users/jpnbook/Sync/Repository/OpenTag/m2/dll_task.c:1624:10:sub_fcloop	8	static
/Users/jpnbook/Sync/Repository/OpenTag/m2/dll_task.c:1586:10:sub_fcinit	16	static
/Users/jpnbook/Sync/Repository/OpenTag/m2/dll_task.c:193:14:dll_block_idletasks	0	static
/Users/jpnbook/Sync/Repository/OpenTag/m2/dll_task.c:279:14:dll_refresh_rts	0	static
/Users/jpnbook/Sync/Repository/OpenTag/m2/dll_task.c:353:14:dll_silence	8	static
/Users/jpnbook/Sync/Repository/OpenTag/m2/dll_task.c:389:14:dll_idle	16	static
/Users/jpnbook/Sync/Repository/OpenTag/m2/dll_task.c:379:14:dll_goto_off	8	static
/Users/jpnbook/Sync/Repository/OpenTag/m2/dll_task.c:1095:14:dll_rfevt_brx	8	static
/Users/jpnbook/Sync/Repository/OpenTag/m2/dll_task.c:1158:14:dll_rfevt_frx	16	static
/Users/jpnbook/Sync/Repository/OpenTag/m2/dll_task.c:1257:14:dll_rfevt_txcsma	8	static
/Users/jpnbook/Sync/Repository/OpenTag/m2/dll_task.c:1415:14:dll_rfevt_ftx	16	static
/Users/jpnbook/Sync/Repository/OpenTag/m2/dll_task.c:579:14:dll_block	0	static
/Users/jpnbook/Sync/Repository/OpenTag/m2/dll_task.c:583:14:dll_unblock	0	static
/Users/jpnbook/Sync/Repository/OpenTag/m2/dll_task.c:589:14:dll_clock	16	static
/Users/jpnbook/Sync/Repository/OpenTag/m2/dll_task.c:674:6:dll_processing	16	static
/Users/jpnbook/Sync/Repository/OpenTag/m2/dll_task.c:755:14:dll_systask_sleepscan	24	static,ignoring_inline_asm
/Users/jpnbook/Sync/Repository/OpenTag/m2/dll_task.c:835:14:dll_systask_beacon	16	static,ignoring_inline_asm
/Users/jpnbook/Sync/Repository/OpenTag/m2/dll_task.c:939:14:dll_init_rx	16	static
/Users/jpnbook/Sync/Repository/OpenTag/m2/dll_task.c:982:14:dll_init_tx	16	static
/Users/jpnbook/Sync/Repository/OpenTag/m2/dll_task.c:1015:14:dll_activate	8	static
/Users/jpnbook/Sync/Repository/OpenTag/m2/dll_task.c:1050:14:dll_scan_timeout	8	static
/Users/jpnbook/Sync/Repository/OpenTag/m2/dll_task.c:1316:14:dll_m2advp_refresh	16	static
/Users/jpnbook/Sync/Repository/OpenTag/m2/dll_task.c:1342:14:dll_rfevt_btx	16	static
/Users/jpnbook/Sync/Repository/OpenTag/m2/dll_task.c:1492:14:dll_quit_rf	0	static
/Users/jpnbook/Sync/Repository/OpenTag/m2/dll_task.c:1501:15:dll_default_csma	0	static
/Users/jpnbook/Sync/Repository/OpenTag/m2/dll_task.c:1511:14:dll_set_defaults	8	static
/Users/jpnbook/Sync/Repository/OpenTag/m2/dll_task.c:422:14:dll_default_applet	8	static
/Users/jpnbook/Sync/Repository/OpenTag/m2/dll_task.c:451:14:dll_scan_applet	8	static
/Users/jpnbook/Sync/Repository/OpenTag/m2/dll_task.c:470:14:dll_beacon_applet	40	static
/Users/jpnbook/Sync/Repository/OpenTag/m2/dll_task.c:1530:7:sub_default_idle	0	static
/Users/jpnbook/Sync/Repository/OpenTag/m2/dll_task.c:204:6:sub_dll_flush	8	static
/Users/jpnbook/Sync/Repository/OpenTag/m2/dll_task.c:253:14:dll_refresh	16	static,ignoring_inline_asm
/Users/jpnbook/Sync/Repository/OpenTag/m2/dll_task.c:235:14:dll_init	8	static
/Users/jpnbook/Sync/Repository/OpenTag/m2/dll_task.c:622:14:dll_systask_rf	8	static
/Users/jpnbook/Sync/Repository/OpenTag/m2/dll_task.c:326:14:dll_change_settings	24	static
/Users/jpnbook/Sync/Repository/OpenTag/m2/dll_task.c:725:14:dll_systask_holdscan	8	static
