/Users/jpnbook/Sync/Repository/OpenTag/m2/encode.c:85:7:crc0B_table	8	static
/Users/jpnbook/Sync/Repository/OpenTag/m2/encode.c:91:6:em2_add_crc5	8	static
/Users/jpnbook/Sync/Repository/OpenTag/m2/encode.c:96:7:em2_check_crc5	8	static
/Users/jpnbook/Sync/Repository/OpenTag/m2/encode.c:141:16:em2_rs_init_decode	0	static
/Users/jpnbook/Sync/Repository/OpenTag/m2/encode.c:149:14:em2_rs_decode	0	static
/Users/jpnbook/Sync/Repository/OpenTag/m2/encode.c:154:16:em2_rs_check	0	static
/Users/jpnbook/Sync/Repository/OpenTag/m2/encode.c:160:16:em2_rs_postprocess	0	static
/Users/jpnbook/Sync/Repository/OpenTag/m2/encode.c:166:16:em2_rs_paritylength	8	static
/Users/jpnbook/Sync/Repository/OpenTag/m2/encode.c:172:16:em2_rs_init_encode	0	static
/Users/jpnbook/Sync/Repository/OpenTag/m2/encode.c:178:14:em2_rs_encode	0	static
/Users/jpnbook/Sync/Repository/OpenTag/m2/encode.c:183:14:em2_rs_interleave	12	static
/Users/jpnbook/Sync/Repository/OpenTag/m2/encode.c:259:18:em2_encode_data_HWCRC	8	static
/Users/jpnbook/Sync/Repository/OpenTag/m2/encode.c:270:18:em2_decode_data_HWCRC	16	static
/Users/jpnbook/Sync/Repository/OpenTag/m2/encode.c:886:16:em2_decode_endframe	16	static
/Users/jpnbook/Sync/Repository/OpenTag/m2/encode.c:934:17:em2_length_isvalid	0	static
/Users/jpnbook/Sync/Repository/OpenTag/m2/encode.c:941:15:em2_remaining_frames	0	static
/Users/jpnbook/Sync/Repository/OpenTag/m2/encode.c:949:16:em2_remaining_bytes	0	static
