/Users/jpnbook/Sync/Repository/OpenTag/m2/session.c:50:6:session_applet_null	0	static
/Users/jpnbook/Sync/Repository/OpenTag/m2/session.c:54:19:sub_store_session	8	static
/Users/jpnbook/Sync/Repository/OpenTag/m2/session.c:70:6:session_init	0	static
/Users/jpnbook/Sync/Repository/OpenTag/m2/session.c:78:17:session_getnext	0	static
/Users/jpnbook/Sync/Repository/OpenTag/m2/session.c:91:20:session_new	32	static
/Users/jpnbook/Sync/Repository/OpenTag/m2/session.c:118:20:session_extend	40	static
/Users/jpnbook/Sync/Repository/OpenTag/m2/session.c:198:14:session_app_purge	0	static
/Users/jpnbook/Sync/Repository/OpenTag/m2/session.c:218:17:session_app_isloaded	0	static
/Users/jpnbook/Sync/Repository/OpenTag/m2/session.c:233:17:session_occupied	0	static
/Users/jpnbook/Sync/Repository/OpenTag/m2/session.c:246:14:session_scrap	8	static
/Users/jpnbook/Sync/Repository/OpenTag/m2/session.c:262:14:session_pop	0	static
/Users/jpnbook/Sync/Repository/OpenTag/m2/session.c:286:20:session_top	0	static
/Users/jpnbook/Sync/Repository/OpenTag/m2/session.c:165:20:session_continue	24	static
/Users/jpnbook/Sync/Repository/OpenTag/m2/session.c:293:16:session_numfree	8	static
/Users/jpnbook/Sync/Repository/OpenTag/m2/session.c:305:17:session_notempty	0	static
/Users/jpnbook/Sync/Repository/OpenTag/m2/session.c:274:14:session_flush	8	static
/Users/jpnbook/Sync/Repository/OpenTag/m2/session.c:313:20:session_follower	0	static
/Users/jpnbook/Sync/Repository/OpenTag/m2/session.c:323:16:session_follower_wait	0	static
/Users/jpnbook/Sync/Repository/OpenTag/m2/session.c:333:14:session_invite_follower	0	static
/Users/jpnbook/Sync/Repository/OpenTag/m2/session.c:344:14:session_postpone_inactives	8	static
/Users/jpnbook/Sync/Repository/OpenTag/m2/session.c:363:15:session_netstate	0	static
/Users/jpnbook/Sync/Repository/OpenTag/m2/session.c:374:14:session_print	64	static
