/Users/jpnbook/Sync/Repository/OpenTag/otsys/system_hicculp2.c:131:7:sub_init_task	16	static
/Users/jpnbook/Sync/Repository/OpenTag/otsys/system_hicculp2.c:148:14:sys_init	8	static
/Users/jpnbook/Sync/Repository/OpenTag/otsys/system_hicculp2.c:209:14:sys_panic	8	static
/Users/jpnbook/Sync/Repository/OpenTag/otsys/system_hicculp2.c:230:14:sys_powerdown	8	static
/Users/jpnbook/Sync/Repository/OpenTag/otsys/system_hicculp2.c:287:14:sys_resume	8	static
/Users/jpnbook/Sync/Repository/OpenTag/otsys/system_hicculp2.c:313:14:sys_kill	8	static
/Users/jpnbook/Sync/Repository/OpenTag/otsys/system_hicculp2.c:350:14:sys_kill_active	8	static
/Users/jpnbook/Sync/Repository/OpenTag/otsys/system_hicculp2.c:366:14:sys_kill_all	8	static
/Users/jpnbook/Sync/Repository/OpenTag/otsys/system_hicculp2.c:264:14:sys_halt	8	static
/Users/jpnbook/Sync/Repository/OpenTag/otsys/system_hicculp2.c:391:6:sys_task_setevent	0	static
/Users/jpnbook/Sync/Repository/OpenTag/otsys/system_hicculp2.c:395:6:sys_task_setcursor	0	static
/Users/jpnbook/Sync/Repository/OpenTag/otsys/system_hicculp2.c:399:6:sys_task_setreserve	0	static
/Users/jpnbook/Sync/Repository/OpenTag/otsys/system_hicculp2.c:403:6:sys_task_setlatency	0	static
/Users/jpnbook/Sync/Repository/OpenTag/otsys/system_hicculp2.c:411:6:sys_task_setnext_clocks	16	static
/Users/jpnbook/Sync/Repository/OpenTag/otsys/system_hicculp2.c:407:6:sys_task_setnext	8	static
/Users/jpnbook/Sync/Repository/OpenTag/otsys/system_hicculp2.c:419:14:sys_task_enable	0	static
/Users/jpnbook/Sync/Repository/OpenTag/otsys/system_hicculp2.c:433:14:sys_task_disable	0	static
/Users/jpnbook/Sync/Repository/OpenTag/otsys/system_hicculp2.c:458:17:sys_event_manager	16	static
/Users/jpnbook/Sync/Repository/OpenTag/otsys/system_hicculp2.c:593:14:sys_task_manager	0	static
/Users/jpnbook/Sync/Repository/OpenTag/otsys/system_hicculp2.c:612:16:sys_run_task	8	static
/Users/jpnbook/Sync/Repository/OpenTag/otsys/system_hicculp2.c:637:14:sys_preempt	8	static
/Users/jpnbook/Sync/Repository/OpenTag/otsys/system_hicculp2.c:649:14:sys_synchronize	8	static
/Users/jpnbook/Sync/Repository/OpenTag/otsys/system_hicculp2.c:660:14:sys_refresh_scheduler	0	static
