capi.c:43:8:sub_session_handle	0	static
capi.c:49:8:otapi_sysinit	8	static
capi.c:58:8:otapi_new_dialog	8	static
capi.c:68:8:otapi_new_advdialog	8	static
capi.c:78:8:otapi_new_telegram	32	static
capi.c:121:8:otapi_open_request	16	static
capi.c:148:8:otapi_close_request	8	static
capi.c:158:8:otapi_start_dialog	0	static
capi.c:191:8:otapi_session_number	8	static
capi.c:202:8:otapi_flush_sessions	8	static
capi.c:210:8:otapi_is_session_blocked	8	static
capi.c:222:8:otapi_put_command_tmpl	16	static
capi.c:252:8:otapi_put_dialog_tmpl	16	static
capi.c:279:8:otapi_put_query_tmpl	16	static
capi.c:301:8:otapi_put_ack_tmpl	24	static
capi.c:318:6:sub_put_isf_offset	8	static
capi.c:330:8:otapi_put_isf_comp	16	static
capi.c:341:8:otapi_put_isf_call	16	static
capi.c:353:8:otapi_put_isf_return	40	static
capi.c:373:8:otapi_put_udp_tmpl	24	static
capi.c:421:8:otapi_put_error_tmpl	16	static
capi.c:433:8:otapi_put_reqds	0	static
capi.c:442:8:otapi_put_propds	0	static
