/Users/jpnbook/Sync/Repository/OpenTag/io/stm32wl_lora/io_stm32wl55_m0.c:118:6:platform_isr_rfbusy	0	static
/Users/jpnbook/Sync/Repository/OpenTag/io/stm32wl_lora/io_stm32wl55_m0.c:122:6:platform_isr_rfirq	8	static
/Users/jpnbook/Sync/Repository/OpenTag/io/stm32wl_lora/io_stm32wl55_m0.c:148:9:wllora_cad_detected	0	static
/Users/jpnbook/Sync/Repository/OpenTag/io/stm32wl_lora/io_stm32wl55_m0.c:158:7:wllora_getbasepwr	0	static
/Users/jpnbook/Sync/Repository/OpenTag/io/stm32wl_lora/io_stm32wl55_m0.c:170:6:wllora_reset	8	static
/Users/jpnbook/Sync/Repository/OpenTag/io/stm32wl_lora/io_stm32wl55_m0.c:197:8:wllora_set_state	8	static
/Users/jpnbook/Sync/Repository/OpenTag/io/stm32wl_lora/io_stm32wl55_m0.c:337:8:wllora_until_ready	0	static
/Users/jpnbook/Sync/Repository/OpenTag/io/stm32wl_lora/io_stm32wl55_m0.c:343:6:wllora_init_bus	8	static,ignoring_inline_asm
/Users/jpnbook/Sync/Repository/OpenTag/io/stm32wl_lora/io_stm32wl55_m0.c:375:6:wllora_spibus_wait	0	static
/Users/jpnbook/Sync/Repository/OpenTag/io/stm32wl_lora/io_stm32wl55_m0.c:383:6:wllora_spibus_io	24	static
/Users/jpnbook/Sync/Repository/OpenTag/io/stm32wl_lora/io_stm32wl55_m0.c:444:6:wllora_antsw_off	0	static
/Users/jpnbook/Sync/Repository/OpenTag/io/stm32wl_lora/io_stm32wl55_m0.c:448:6:wllora_antsw_on	0	static
/Users/jpnbook/Sync/Repository/OpenTag/io/stm32wl_lora/io_stm32wl55_m0.c:452:6:wllora_antsw_tx	8	static
/Users/jpnbook/Sync/Repository/OpenTag/io/stm32wl_lora/io_stm32wl55_m0.c:457:6:wllora_antsw_rx	8	static
/Users/jpnbook/Sync/Repository/OpenTag/io/stm32wl_lora/io_stm32wl55_m0.c:465:6:wllora_int_config	0	static
/Users/jpnbook/Sync/Repository/OpenTag/io/stm32wl_lora/io_stm32wl55_m0.c:474:13:wllora_int_clearall	0	static
/Users/jpnbook/Sync/Repository/OpenTag/io/stm32wl_lora/io_stm32wl55_m0.c:478:13:wllora_int_force	0	static
/Users/jpnbook/Sync/Repository/OpenTag/io/stm32wl_lora/io_stm32wl55_m0.c:482:13:wllora_int_turnon	0	static
/Users/jpnbook/Sync/Repository/OpenTag/io/stm32wl_lora/io_stm32wl55_m0.c:486:13:wllora_int_turnoff	0	static
/Users/jpnbook/Sync/Repository/OpenTag/io/stm32wl_lora/io_stm32wl55_m0.c:494:6:wllora_wfe	0	static
