/Users/jpnbook/Sync/Repository/OpenTag/io/stm32wl_lora/io_stm32wl55_m0.c:245:16:wllora_resetpin_ishigh	0	static
/Users/jpnbook/Sync/Repository/OpenTag/io/stm32wl_lora/io_stm32wl55_m0.c:249:16:wllora_resetpin_setlow	0	static
/Users/jpnbook/Sync/Repository/OpenTag/io/stm32wl_lora/io_stm32wl55_m0.c:253:16:wllora_resetpin_sethigh	0	static
/Users/jpnbook/Sync/Repository/OpenTag/io/stm32wl_lora/io_stm32wl55_m0.c:267:16:wllora_cadpin_ishigh	0	static
/Users/jpnbook/Sync/Repository/OpenTag/io/stm32wl_lora/io_stm32wl55_m0.c:277:7:wllora_getbasepwr	0	static
/Users/jpnbook/Sync/Repository/OpenTag/io/stm32wl_lora/io_stm32wl55_m0.c:287:6:wllora_reset	8	static
/Users/jpnbook/Sync/Repository/OpenTag/io/stm32wl_lora/io_stm32wl55_m0.c:311:6:wllora_init_bus	8	static
/Users/jpnbook/Sync/Repository/OpenTag/io/stm32wl_lora/io_stm32wl55_m0.c:377:6:wllora_spibus_wait	0	static
/Users/jpnbook/Sync/Repository/OpenTag/io/stm32wl_lora/io_stm32wl55_m0.c:385:6:wllora_spibus_io	0	static
/Users/jpnbook/Sync/Repository/OpenTag/io/stm32wl_lora/io_stm32wl55_m0.c:460:6:wllora_antsw_off	0	static
/Users/jpnbook/Sync/Repository/OpenTag/io/stm32wl_lora/io_stm32wl55_m0.c:464:6:wllora_antsw_on	0	static
/Users/jpnbook/Sync/Repository/OpenTag/io/stm32wl_lora/io_stm32wl55_m0.c:468:6:wllora_antsw_tx	8	static
/Users/jpnbook/Sync/Repository/OpenTag/io/stm32wl_lora/io_stm32wl55_m0.c:473:6:wllora_antsw_rx	8	static
/Users/jpnbook/Sync/Repository/OpenTag/io/stm32wl_lora/io_stm32wl55_m0.c:481:6:wllora_int_config	0	static
/Users/jpnbook/Sync/Repository/OpenTag/io/stm32wl_lora/io_stm32wl55_m0.c:490:13:wllora_int_clearall	0	static
/Users/jpnbook/Sync/Repository/OpenTag/io/stm32wl_lora/io_stm32wl55_m0.c:494:13:wllora_int_force	0	static
/Users/jpnbook/Sync/Repository/OpenTag/io/stm32wl_lora/io_stm32wl55_m0.c:498:13:wllora_int_turnon	0	static
/Users/jpnbook/Sync/Repository/OpenTag/io/stm32wl_lora/io_stm32wl55_m0.c:502:13:wllora_int_turnoff	0	static
/Users/jpnbook/Sync/Repository/OpenTag/io/stm32wl_lora/io_stm32wl55_m0.c:510:6:wllora_wfe	8	static
