/Users/jpnbook/Sync/Repository/OpenTag/io/stm32wl_lora/radio_rm2.c:523:6:sub_initcad	8	static
/Users/jpnbook/Sync/Repository/OpenTag/io/stm32wl_lora/radio_rm2.c:118:6:wllora_virtual_isr	0	static
/Users/jpnbook/Sync/Repository/OpenTag/io/stm32wl_lora/radio_rm2.c:189:14:radio_init	8	static
/Users/jpnbook/Sync/Repository/OpenTag/io/stm32wl_lora/radio_rm2.c:244:14:radio_set_mactimer	8	static
/Users/jpnbook/Sync/Repository/OpenTag/io/stm32wl_lora/radio_rm2.c:254:14:radio_activate_queue	0	static
/Users/jpnbook/Sync/Repository/OpenTag/io/stm32wl_lora/radio_rm2.c:266:15:radio_buffer	0	static
/Users/jpnbook/Sync/Repository/OpenTag/io/stm32wl_lora/radio_rm2.c:284:17:rm2_clip_txeirp	8	static
/Users/jpnbook/Sync/Repository/OpenTag/io/stm32wl_lora/radio_rm2.c:288:17:rm2_calc_rssithr	8	static
/Users/jpnbook/Sync/Repository/OpenTag/io/stm32wl_lora/radio_rm2.c:338:9:rm2_channel_fastcheck	0	static
/Users/jpnbook/Sync/Repository/OpenTag/io/stm32wl_lora/radio_rm2.c:354:14:rm2_enter_channel	16	static
/Users/jpnbook/Sync/Repository/OpenTag/io/stm32wl_lora/radio_rm2.c:401:14:rm2_mac_configure	0	static
/Users/jpnbook/Sync/Repository/OpenTag/io/stm32wl_lora/radio_rm2.c:409:14:rm2_calc_link	8	static
/Users/jpnbook/Sync/Repository/OpenTag/io/stm32wl_lora/radio_rm2.c:427:16:rm2_flood_getcounter	8	static
/Users/jpnbook/Sync/Repository/OpenTag/io/stm32wl_lora/radio_rm2.c:441:14:rm2_flood_txstop	8	static
/Users/jpnbook/Sync/Repository/OpenTag/io/stm32wl_lora/radio_rm2.c:453:14:rm2_flood_txstart	8	static
/Users/jpnbook/Sync/Repository/OpenTag/io/stm32wl_lora/radio_rm2.c:735:14:rm2_rxsync_isr	8	static
/Users/jpnbook/Sync/Repository/OpenTag/io/stm32wl_lora/radio_rm2.c:833:6:rm2_decode_s2	0	static
/Users/jpnbook/Sync/Repository/OpenTag/io/stm32wl_lora/radio_rm2.c:894:14:rm2_txinit	8	static
/Users/jpnbook/Sync/Repository/OpenTag/io/stm32wl_lora/radio_rm2.c:965:14:rm2_resend	8	static
/Users/jpnbook/Sync/Repository/OpenTag/io/stm32wl_lora/radio_rm2.c:987:9:sub_cca_isfail	8	static
/Users/jpnbook/Sync/Repository/OpenTag/io/stm32wl_lora/radio_rm2.c:1179:6:wlloradrv_null	0	static
/Users/jpnbook/Sync/Repository/OpenTag/io/stm32wl_lora/radio_rm2.c:1183:14:wlloradrv_mdmconfig	40	static
/Users/jpnbook/Sync/Repository/OpenTag/io/stm32wl_lora/radio_rm2.c:683:14:rm2_rxtest	8	static
/Users/jpnbook/Sync/Repository/OpenTag/io/stm32wl_lora/radio_rm2.c:1247:14:wlloradrv_save_linkinfo	0	static
/Users/jpnbook/Sync/Repository/OpenTag/io/stm32wl_lora/radio_rm2.c:1274:14:radio_gag	8	static
/Users/jpnbook/Sync/Repository/OpenTag/io/stm32wl_lora/radio_rm2.c:225:14:radio_finish	16	static
/Users/jpnbook/Sync/Repository/OpenTag/io/stm32wl_lora/radio_rm2.c:473:6:sub_hwtimeout_isr	8	static
/Users/jpnbook/Sync/Repository/OpenTag/io/stm32wl_lora/radio_rm2.c:588:14:rm2_rxinit	8	static
/Users/jpnbook/Sync/Repository/OpenTag/io/stm32wl_lora/radio_rm2.c:494:14:rm2_rxtimeout_isr	8	static
/Users/jpnbook/Sync/Repository/OpenTag/io/stm32wl_lora/radio_rm2.c:809:14:rm2_rxend_isr	8	static
/Users/jpnbook/Sync/Repository/OpenTag/io/stm32wl_lora/radio_rm2.c:1281:14:radio_ungag	8	static
/Users/jpnbook/Sync/Repository/OpenTag/io/stm32wl_lora/radio_rm2.c:1289:14:radio_sleep	8	static
/Users/jpnbook/Sync/Repository/OpenTag/io/stm32wl_lora/radio_rm2.c:1267:14:radio_off	8	static
/Users/jpnbook/Sync/Repository/OpenTag/io/stm32wl_lora/radio_rm2.c:1307:14:radio_idle	8	static
/Users/jpnbook/Sync/Repository/OpenTag/io/stm32wl_lora/radio_rm2.c:460:14:rm2_kill	8	static
/Users/jpnbook/Sync/Repository/OpenTag/io/stm32wl_lora/radio_rm2.c:976:6:sub_cad_csma	8	static
/Users/jpnbook/Sync/Repository/OpenTag/io/stm32wl_lora/radio_rm2.c:1134:14:rm2_txdata_isr	8	static
/Users/jpnbook/Sync/Repository/OpenTag/io/stm32wl_lora/radio_rm2.c:1324:14:radio_putbyte	8	static
/Users/jpnbook/Sync/Repository/OpenTag/io/stm32wl_lora/radio_rm2.c:1330:14:radio_putfourbytes	0	static
/Users/jpnbook/Sync/Repository/OpenTag/io/stm32wl_lora/radio_rm2.c:1336:15:radio_getbyte	8	static
/Users/jpnbook/Sync/Repository/OpenTag/io/stm32wl_lora/radio_rm2.c:1342:14:wllora_getfourbytes	0	static
/Users/jpnbook/Sync/Repository/OpenTag/io/stm32wl_lora/radio_rm2.c:1348:14:radio_flush_rx	8	static
/Users/jpnbook/Sync/Repository/OpenTag/io/stm32wl_lora/radio_rm2.c:704:14:rm2_reenter_rx	8	static
/Users/jpnbook/Sync/Repository/OpenTag/io/stm32wl_lora/radio_rm2.c:513:6:sub_initrx	8	static
/Users/jpnbook/Sync/Repository/OpenTag/io/stm32wl_lora/radio_rm2.c:675:6:sub_rxtest_callback	8	static
/Users/jpnbook/Sync/Repository/OpenTag/io/stm32wl_lora/radio_rm2.c:765:14:rm2_rxdata_isr	8	static
/Users/jpnbook/Sync/Repository/OpenTag/io/stm32wl_lora/radio_rm2.c:1354:14:radio_flush_tx	8	static
/Users/jpnbook/Sync/Repository/OpenTag/io/stm32wl_lora/radio_rm2.c:927:14:rm2_txtest	8	static
/Users/jpnbook/Sync/Repository/OpenTag/io/stm32wl_lora/radio_rm2.c:1000:14:rm2_txcsma_isr	8	static
/Users/jpnbook/Sync/Repository/OpenTag/io/stm32wl_lora/radio_rm2.c:146:14:radio_mac_isr	8	static
/Users/jpnbook/Sync/Repository/OpenTag/io/stm32wl_lora/radio_rm2.c:1360:17:radio_rxopen	8	static
/Users/jpnbook/Sync/Repository/OpenTag/io/stm32wl_lora/radio_rm2.c:1366:17:radio_rxopen_4	8	static
/Users/jpnbook/Sync/Repository/OpenTag/io/stm32wl_lora/radio_rm2.c:1372:17:radio_txopen	0	static
/Users/jpnbook/Sync/Repository/OpenTag/io/stm32wl_lora/radio_rm2.c:1378:17:radio_txopen_4	8	static
/Users/jpnbook/Sync/Repository/OpenTag/io/stm32wl_lora/radio_rm2.c:1385:16:radio_rssi	0	static
/Users/jpnbook/Sync/Repository/OpenTag/io/stm32wl_lora/radio_rm2.c:1392:17:radio_check_cca	8	static
/Users/jpnbook/Sync/Repository/OpenTag/io/stm32wl_lora/radio_rm2.c:1399:14:radio_calibrate	0	static
/Users/jpnbook/Sync/Repository/OpenTag/io/stm32wl_lora/radio_rm2.c:1405:15:radio_getlinkinfo	0	static
/Users/jpnbook/Sync/Repository/OpenTag/io/stm32wl_lora/radio_rm2.c:1417:15:radio_getpwrcode	8	static
