/Users/jpnbook/Sync/Repository/OpenTag/io/stm32wl_lora/radio_rm2.c:502:6:sub_initcad	8	static
/Users/jpnbook/Sync/Repository/OpenTag/io/stm32wl_lora/radio_rm2.c:168:14:radio_init	8	static
/Users/jpnbook/Sync/Repository/OpenTag/io/stm32wl_lora/radio_rm2.c:223:14:radio_set_mactimer	8	static
/Users/jpnbook/Sync/Repository/OpenTag/io/stm32wl_lora/radio_rm2.c:233:14:radio_activate_queue	0	static
/Users/jpnbook/Sync/Repository/OpenTag/io/stm32wl_lora/radio_rm2.c:245:15:radio_buffer	0	static
/Users/jpnbook/Sync/Repository/OpenTag/io/stm32wl_lora/radio_rm2.c:263:17:rm2_clip_txeirp	8	static
/Users/jpnbook/Sync/Repository/OpenTag/io/stm32wl_lora/radio_rm2.c:267:17:rm2_calc_rssithr	8	static
/Users/jpnbook/Sync/Repository/OpenTag/io/stm32wl_lora/radio_rm2.c:317:9:rm2_channel_fastcheck	0	static
/Users/jpnbook/Sync/Repository/OpenTag/io/stm32wl_lora/radio_rm2.c:333:14:rm2_enter_channel	16	static
/Users/jpnbook/Sync/Repository/OpenTag/io/stm32wl_lora/radio_rm2.c:380:14:rm2_mac_configure	0	static
/Users/jpnbook/Sync/Repository/OpenTag/io/stm32wl_lora/radio_rm2.c:388:14:rm2_calc_link	8	static
/Users/jpnbook/Sync/Repository/OpenTag/io/stm32wl_lora/radio_rm2.c:406:16:rm2_flood_getcounter	8	static
/Users/jpnbook/Sync/Repository/OpenTag/io/stm32wl_lora/radio_rm2.c:420:14:rm2_flood_txstop	8	static
/Users/jpnbook/Sync/Repository/OpenTag/io/stm32wl_lora/radio_rm2.c:432:14:rm2_flood_txstart	8	static
/Users/jpnbook/Sync/Repository/OpenTag/io/stm32wl_lora/radio_rm2.c:714:14:rm2_rxsync_isr	8	static
/Users/jpnbook/Sync/Repository/OpenTag/io/stm32wl_lora/radio_rm2.c:812:6:rm2_decode_s2	0	static
/Users/jpnbook/Sync/Repository/OpenTag/io/stm32wl_lora/radio_rm2.c:873:14:rm2_txinit	8	static
/Users/jpnbook/Sync/Repository/OpenTag/io/stm32wl_lora/radio_rm2.c:944:14:rm2_resend	8	static
/Users/jpnbook/Sync/Repository/OpenTag/io/stm32wl_lora/radio_rm2.c:966:9:sub_cca_isfail	8	static
/Users/jpnbook/Sync/Repository/OpenTag/io/stm32wl_lora/radio_rm2.c:1158:6:wlloradrv_null	0	static
/Users/jpnbook/Sync/Repository/OpenTag/io/stm32wl_lora/radio_rm2.c:1162:14:wlloradrv_mdmconfig	40	static
/Users/jpnbook/Sync/Repository/OpenTag/io/stm32wl_lora/radio_rm2.c:662:14:rm2_rxtest	8	static
/Users/jpnbook/Sync/Repository/OpenTag/io/stm32wl_lora/radio_rm2.c:1225:14:wlloradrv_save_linkinfo	0	static
/Users/jpnbook/Sync/Repository/OpenTag/io/stm32wl_lora/radio_rm2.c:1252:14:radio_gag	8	static
/Users/jpnbook/Sync/Repository/OpenTag/io/stm32wl_lora/radio_rm2.c:204:14:radio_finish	16	static
/Users/jpnbook/Sync/Repository/OpenTag/io/stm32wl_lora/radio_rm2.c:452:6:sub_hwtimeout_isr	8	static
/Users/jpnbook/Sync/Repository/OpenTag/io/stm32wl_lora/radio_rm2.c:567:14:rm2_rxinit	16	static
/Users/jpnbook/Sync/Repository/OpenTag/io/stm32wl_lora/radio_rm2.c:473:14:rm2_rxtimeout_isr	8	static
/Users/jpnbook/Sync/Repository/OpenTag/io/stm32wl_lora/radio_rm2.c:788:14:rm2_rxend_isr	8	static
/Users/jpnbook/Sync/Repository/OpenTag/io/stm32wl_lora/radio_rm2.c:1259:14:radio_ungag	8	static
/Users/jpnbook/Sync/Repository/OpenTag/io/stm32wl_lora/radio_rm2.c:1267:14:radio_sleep	8	static
/Users/jpnbook/Sync/Repository/OpenTag/io/stm32wl_lora/radio_rm2.c:1245:14:radio_off	8	static
/Users/jpnbook/Sync/Repository/OpenTag/io/stm32wl_lora/radio_rm2.c:1285:14:radio_idle	8	static
/Users/jpnbook/Sync/Repository/OpenTag/io/stm32wl_lora/radio_rm2.c:439:14:rm2_kill	8	static
/Users/jpnbook/Sync/Repository/OpenTag/io/stm32wl_lora/radio_rm2.c:118:6:wllora_virtual_isr	8	static
/Users/jpnbook/Sync/Repository/OpenTag/io/stm32wl_lora/radio_rm2.c:955:6:sub_cad_csma	8	static
/Users/jpnbook/Sync/Repository/OpenTag/io/stm32wl_lora/radio_rm2.c:1113:14:rm2_txdata_isr	8	static
/Users/jpnbook/Sync/Repository/OpenTag/io/stm32wl_lora/radio_rm2.c:1302:14:radio_putbyte	8	static
/Users/jpnbook/Sync/Repository/OpenTag/io/stm32wl_lora/radio_rm2.c:1308:14:radio_putfourbytes	0	static
/Users/jpnbook/Sync/Repository/OpenTag/io/stm32wl_lora/radio_rm2.c:1314:15:radio_getbyte	8	static
/Users/jpnbook/Sync/Repository/OpenTag/io/stm32wl_lora/radio_rm2.c:1320:14:wllora_getfourbytes	0	static
/Users/jpnbook/Sync/Repository/OpenTag/io/stm32wl_lora/radio_rm2.c:1326:14:radio_flush_rx	8	static
/Users/jpnbook/Sync/Repository/OpenTag/io/stm32wl_lora/radio_rm2.c:683:14:rm2_reenter_rx	8	static
/Users/jpnbook/Sync/Repository/OpenTag/io/stm32wl_lora/radio_rm2.c:492:6:sub_initrx	8	static
/Users/jpnbook/Sync/Repository/OpenTag/io/stm32wl_lora/radio_rm2.c:654:6:sub_rxtest_callback	8	static
/Users/jpnbook/Sync/Repository/OpenTag/io/stm32wl_lora/radio_rm2.c:744:14:rm2_rxdata_isr	8	static
/Users/jpnbook/Sync/Repository/OpenTag/io/stm32wl_lora/radio_rm2.c:1332:14:radio_flush_tx	8	static
/Users/jpnbook/Sync/Repository/OpenTag/io/stm32wl_lora/radio_rm2.c:906:14:rm2_txtest	8	static
/Users/jpnbook/Sync/Repository/OpenTag/io/stm32wl_lora/radio_rm2.c:979:14:rm2_txcsma_isr	8	static
/Users/jpnbook/Sync/Repository/OpenTag/io/stm32wl_lora/radio_rm2.c:125:14:radio_mac_isr	8	static
/Users/jpnbook/Sync/Repository/OpenTag/io/stm32wl_lora/radio_rm2.c:1338:17:radio_rxopen	8	static
/Users/jpnbook/Sync/Repository/OpenTag/io/stm32wl_lora/radio_rm2.c:1344:17:radio_rxopen_4	8	static
/Users/jpnbook/Sync/Repository/OpenTag/io/stm32wl_lora/radio_rm2.c:1350:17:radio_txopen	0	static
/Users/jpnbook/Sync/Repository/OpenTag/io/stm32wl_lora/radio_rm2.c:1356:17:radio_txopen_4	8	static
/Users/jpnbook/Sync/Repository/OpenTag/io/stm32wl_lora/radio_rm2.c:1363:16:radio_rssi	0	static
/Users/jpnbook/Sync/Repository/OpenTag/io/stm32wl_lora/radio_rm2.c:1370:17:radio_check_cca	8	static
/Users/jpnbook/Sync/Repository/OpenTag/io/stm32wl_lora/radio_rm2.c:1377:14:radio_calibrate	0	static
/Users/jpnbook/Sync/Repository/OpenTag/io/stm32wl_lora/radio_rm2.c:1383:15:radio_getlinkinfo	0	static
/Users/jpnbook/Sync/Repository/OpenTag/io/stm32wl_lora/radio_rm2.c:1395:15:radio_getpwrcode	8	static
