/Users/jpnbook/Sync/Repository/OpenTag/io/stm32wl_lora/stm32wl_lora_interface.c:98:6:platform_isr_rfirq	8	static
/Users/jpnbook/Sync/Repository/OpenTag/io/stm32wl_lora/stm32wl_lora_interface.c:105:14:wllora_int_off	8	static
/Users/jpnbook/Sync/Repository/OpenTag/io/stm32wl_lora/stm32wl_lora_interface.c:109:14:wllora_int_on	8	static
/Users/jpnbook/Sync/Repository/OpenTag/io/stm32wl_lora/stm32wl_lora_interface.c:137:13:wllora_int_listen	8	static
/Users/jpnbook/Sync/Repository/OpenTag/io/stm32wl_lora/stm32wl_lora_interface.c:142:13:wllora_int_rxdata	8	static
/Users/jpnbook/Sync/Repository/OpenTag/io/stm32wl_lora/stm32wl_lora_interface.c:147:13:wllora_int_rxend	8	static
/Users/jpnbook/Sync/Repository/OpenTag/io/stm32wl_lora/stm32wl_lora_interface.c:152:13:wllora_int_csma	8	static
/Users/jpnbook/Sync/Repository/OpenTag/io/stm32wl_lora/stm32wl_lora_interface.c:157:13:wllora_int_txdata	8	static
/Users/jpnbook/Sync/Repository/OpenTag/io/stm32wl_lora/stm32wl_lora_interface.c:277:9:wllora_isready	0	static
/Users/jpnbook/Sync/Repository/OpenTag/io/stm32wl_lora/stm32wl_lora_interface.c:281:6:wllora_waitfor_ready	0	static
/Users/jpnbook/Sync/Repository/OpenTag/io/stm32wl_lora/stm32wl_lora_interface.c:284:9:wllora_check_cadpin	0	static
/Users/jpnbook/Sync/Repository/OpenTag/io/stm32wl_lora/stm32wl_lora_interface.c:359:7:wllora_read	0	static
/Users/jpnbook/Sync/Repository/OpenTag/io/stm32wl_lora/stm32wl_lora_interface.c:238:6:wllora_corelog	32	static
/Users/jpnbook/Sync/Repository/OpenTag/io/stm32wl_lora/stm32wl_lora_interface.c:254:6:wllora_coredump	24	static
/Users/jpnbook/Sync/Repository/OpenTag/io/stm32wl_lora/stm32wl_lora_interface.c:288:7:wllora_getstatus	8	static
/Users/jpnbook/Sync/Repository/OpenTag/io/stm32wl_lora/stm32wl_lora_interface.c:294:7:wllora_mode	8	static
/Users/jpnbook/Sync/Repository/OpenTag/io/stm32wl_lora/stm32wl_lora_interface.c:298:7:wllora_rxbytes	8	static
/Users/jpnbook/Sync/Repository/OpenTag/io/stm32wl_lora/stm32wl_lora_interface.c:299:7:wllora_rssi	8	static
/Users/jpnbook/Sync/Repository/OpenTag/io/stm32wl_lora/stm32wl_lora_interface.c:300:7:wllora_pktrssi	8	static
/Users/jpnbook/Sync/Repository/OpenTag/io/stm32wl_lora/stm32wl_lora_interface.c:301:7:wllora_pktsnr	8	static
/Users/jpnbook/Sync/Repository/OpenTag/io/stm32wl_lora/stm32wl_lora_interface.c:363:6:wllora_burstread	8	static
/Users/jpnbook/Sync/Repository/OpenTag/io/stm32wl_lora/stm32wl_lora_interface.c:372:6:wllora_write	0	static
/Users/jpnbook/Sync/Repository/OpenTag/io/stm32wl_lora/stm32wl_lora_interface.c:122:13:wllora_iocfg_cad	8	static
/Users/jpnbook/Sync/Repository/OpenTag/io/stm32wl_lora/stm32wl_lora_interface.c:127:13:wllora_iocfg_rx	8	static
/Users/jpnbook/Sync/Repository/OpenTag/io/stm32wl_lora/stm32wl_lora_interface.c:132:13:wllora_iocfg_tx	8	static
/Users/jpnbook/Sync/Repository/OpenTag/io/stm32wl_lora/stm32wl_lora_interface.c:183:6:wllora_load_defaults	8	static
/Users/jpnbook/Sync/Repository/OpenTag/io/stm32wl_lora/stm32wl_lora_interface.c:313:6:wllora_strobe	16	static
/Users/jpnbook/Sync/Repository/OpenTag/io/stm32wl_lora/stm32wl_lora_interface.c:376:6:wllora_burstwrite	8	static
/Users/jpnbook/Sync/Repository/OpenTag/io/stm32wl_lora/stm32wl_lora_interface.c:397:6:wllora_start_counter	8	static
/Users/jpnbook/Sync/Repository/OpenTag/io/stm32wl_lora/stm32wl_lora_interface.c:401:6:wllora_stop_counter	0	static
/Users/jpnbook/Sync/Repository/OpenTag/io/stm32wl_lora/stm32wl_lora_interface.c:404:8:wllora_get_counter	8	static
/Users/jpnbook/Sync/Repository/OpenTag/io/stm32wl_lora/stm32wl_lora_interface.c:418:8:wllora_calc_rssi	8	static
/Users/jpnbook/Sync/Repository/OpenTag/io/stm32wl_lora/stm32wl_lora_interface.c:436:7:wllora_calc_rssithr	0	static
/Users/jpnbook/Sync/Repository/OpenTag/io/stm32wl_lora/stm32wl_lora_interface.c:465:7:wllora_clip_txeirp	0	static
/Users/jpnbook/Sync/Repository/OpenTag/io/stm32wl_lora/stm32wl_lora_interface.c:484:6:wllora_set_txpwr	8	static
