/Users/jpnbook/Sync/Repository/OpenTag/io/stm32wl_lora/stm32wl_lora_channels.c:224:14:wllora_get_bandplan	0	static
/Users/jpnbook/Sync/Repository/OpenTag/io/stm32wl_lora/stm32wl_lora_channels.c:230:14:wllora_get_chanregs	8	static
/Users/jpnbook/Sync/Repository/OpenTag/io/stm32wl_lora/stm32wl_lora_channels.c:237:6:wllora_configure_chan	8	static
/Users/jpnbook/Sync/Repository/OpenTag/io/stm32wl_lora/stm32wl_lora_channels.c:243:7:wllora_get_bw	0	static
/Users/jpnbook/Sync/Repository/OpenTag/io/stm32wl_lora/stm32wl_lora_channels.c:253:8:wllora_symbol_miti	0	static
/Users/jpnbook/Sync/Repository/OpenTag/io/stm32wl_lora/stm32wl_lora_channels.c:265:8:wllora_block_miti	0	static
/Users/jpnbook/Sync/Repository/OpenTag/io/stm32wl_lora/stm32wl_lora_channels.c:280:8:wllora_hscblock_ti	0	static
