/Users/jpnbook/Sync/Repository/OpenTag/io/stm32wl_lora/stm32wl_lora_interface.c:91:6:sub_set0x1_cmd	8	static
/Users/jpnbook/Sync/Repository/OpenTag/io/stm32wl_lora/stm32wl_lora_interface.c:96:6:sub_set1x1_cmd	8	static
/Users/jpnbook/Sync/Repository/OpenTag/io/stm32wl_lora/stm32wl_lora_interface.c:102:6:sub_set2x1_cmd	8	static
/Users/jpnbook/Sync/Repository/OpenTag/io/stm32wl_lora/stm32wl_lora_interface.c:109:6:sub_set4x1_cmd	16	static
/Users/jpnbook/Sync/Repository/OpenTag/io/stm32wl_lora/stm32wl_lora_interface.c:118:6:sub_set1x3_cmd	8	static
/Users/jpnbook/Sync/Repository/OpenTag/io/stm32wl_lora/stm32wl_lora_interface.c:126:7:sub_get_1x1	8	static
/Users/jpnbook/Sync/Repository/OpenTag/io/stm32wl_lora/stm32wl_lora_interface.c:132:8:sub_get1x2_cmd	8	static,ignoring_inline_asm
/Users/jpnbook/Sync/Repository/OpenTag/io/stm32wl_lora/stm32wl_lora_interface.c:141:6:wllora_wrreg_cmd	8	static
/Users/jpnbook/Sync/Repository/OpenTag/io/stm32wl_lora/stm32wl_lora_interface.c:149:6:wllora_wrburst_cmd	16	static
/Users/jpnbook/Sync/Repository/OpenTag/io/stm32wl_lora/stm32wl_lora_interface.c:160:7:wllora_rdreg_cmd	8	static
/Users/jpnbook/Sync/Repository/OpenTag/io/stm32wl_lora/stm32wl_lora_interface.c:169:6:wllora_rdburst_cmd	16	static
/Users/jpnbook/Sync/Repository/OpenTag/io/stm32wl_lora/stm32wl_lora_interface.c:180:6:wllora_wrbuf_cmd	16	static
/Users/jpnbook/Sync/Repository/OpenTag/io/stm32wl_lora/stm32wl_lora_interface.c:190:6:wllora_rdbuf_cmd	16	static
/Users/jpnbook/Sync/Repository/OpenTag/io/stm32wl_lora/stm32wl_lora_interface.c:200:6:wllora_sleep_cmd	8	static
/Users/jpnbook/Sync/Repository/OpenTag/io/stm32wl_lora/stm32wl_lora_interface.c:207:6:wllora_standby_cmd	8	static
/Users/jpnbook/Sync/Repository/OpenTag/io/stm32wl_lora/stm32wl_lora_interface.c:214:6:wllora_fs_cmd	8	static
/Users/jpnbook/Sync/Repository/OpenTag/io/stm32wl_lora/stm32wl_lora_interface.c:220:6:wllora_tx_cmd	8	static
/Users/jpnbook/Sync/Repository/OpenTag/io/stm32wl_lora/stm32wl_lora_interface.c:229:6:wllora_rx_cmd	8	static
/Users/jpnbook/Sync/Repository/OpenTag/io/stm32wl_lora/stm32wl_lora_interface.c:238:6:wllora_stoprxtim_cmd	8	static
/Users/jpnbook/Sync/Repository/OpenTag/io/stm32wl_lora/stm32wl_lora_interface.c:246:6:wllora_rxduty_cmd	8	static
/Users/jpnbook/Sync/Repository/OpenTag/io/stm32wl_lora/stm32wl_lora_interface.c:257:6:wllora_cad_cmd	8	static
/Users/jpnbook/Sync/Repository/OpenTag/io/stm32wl_lora/stm32wl_lora_interface.c:263:6:wllora_txcontwave_cmd	8	static
/Users/jpnbook/Sync/Repository/OpenTag/io/stm32wl_lora/stm32wl_lora_interface.c:269:6:wllora_txcontpreamble_cmd	8	static
/Users/jpnbook/Sync/Repository/OpenTag/io/stm32wl_lora/stm32wl_lora_interface.c:275:6:wllora_setpkttype_cmd	8	static
/Users/jpnbook/Sync/Repository/OpenTag/io/stm32wl_lora/stm32wl_lora_interface.c:282:7:wllora_getpkttype_cmd	8	static
/Users/jpnbook/Sync/Repository/OpenTag/io/stm32wl_lora/stm32wl_lora_interface.c:289:6:wllora_rffreq_cmd	8	static
/Users/jpnbook/Sync/Repository/OpenTag/io/stm32wl_lora/stm32wl_lora_interface.c:298:6:wllora_txparams_cmd	8	static
/Users/jpnbook/Sync/Repository/OpenTag/io/stm32wl_lora/stm32wl_lora_interface.c:306:6:wllora_paconfig_cmd	16	static
/Users/jpnbook/Sync/Repository/OpenTag/io/stm32wl_lora/stm32wl_lora_interface.c:316:6:wllora_txrxfallback_cmd	8	static
/Users/jpnbook/Sync/Repository/OpenTag/io/stm32wl_lora/stm32wl_lora_interface.c:324:6:wllora_cadparams_cmd	16	static
/Users/jpnbook/Sync/Repository/OpenTag/io/stm32wl_lora/stm32wl_lora_interface.c:336:6:wllora_bufbase_cmd	8	static
/Users/jpnbook/Sync/Repository/OpenTag/io/stm32wl_lora/stm32wl_lora_interface.c:344:6:wllora_modparams_cmd	16	static
/Users/jpnbook/Sync/Repository/OpenTag/io/stm32wl_lora/stm32wl_lora_interface.c:355:6:wllora_pktparams_cmd	16	static
/Users/jpnbook/Sync/Repository/OpenTag/io/stm32wl_lora/stm32wl_lora_interface.c:366:6:wllora_symtimeout_cmd	8	static
/Users/jpnbook/Sync/Repository/OpenTag/io/stm32wl_lora/stm32wl_lora_interface.c:374:7:wllora_status_cmd	8	static
/Users/jpnbook/Sync/Repository/OpenTag/io/stm32wl_lora/stm32wl_lora_interface.c:380:18:wllora_rxbufstatus_cmd	16	static
/Users/jpnbook/Sync/Repository/OpenTag/io/stm32wl_lora/stm32wl_lora_interface.c:387:14:wllora_pktlink_cmd	24	static
/Users/jpnbook/Sync/Repository/OpenTag/io/stm32wl_lora/stm32wl_lora_interface.c:394:7:wllora_rssi_cmd	8	static
/Users/jpnbook/Sync/Repository/OpenTag/io/stm32wl_lora/stm32wl_lora_interface.c:401:15:wllora_pktstats_cmd	16	static
/Users/jpnbook/Sync/Repository/OpenTag/io/stm32wl_lora/stm32wl_lora_interface.c:408:6:wllora_resetstats_cmd	8	static
/Users/jpnbook/Sync/Repository/OpenTag/io/stm32wl_lora/stm32wl_lora_interface.c:413:6:wllora_dioirq_cmd	16	static
/Users/jpnbook/Sync/Repository/OpenTag/io/stm32wl_lora/stm32wl_lora_interface.c:426:8:wllora_getirq_cmd	8	static
/Users/jpnbook/Sync/Repository/OpenTag/io/stm32wl_lora/stm32wl_lora_interface.c:436:6:wllora_clrirq_cmd	8	static
/Users/jpnbook/Sync/Repository/OpenTag/io/stm32wl_lora/stm32wl_lora_interface.c:440:6:wllora_calibrate_cmd	8	static
/Users/jpnbook/Sync/Repository/OpenTag/io/stm32wl_lora/stm32wl_lora_interface.c:447:6:wllora_calimage_cmd	8	static
/Users/jpnbook/Sync/Repository/OpenTag/io/stm32wl_lora/stm32wl_lora_interface.c:455:6:wllora_regmode_cmd	8	static
/Users/jpnbook/Sync/Repository/OpenTag/io/stm32wl_lora/stm32wl_lora_interface.c:462:8:wllora_geterr_cmd	8	static
/Users/jpnbook/Sync/Repository/OpenTag/io/stm32wl_lora/stm32wl_lora_interface.c:472:6:wllora_clrerr_cmd	8	static
/Users/jpnbook/Sync/Repository/OpenTag/io/stm32wl_lora/stm32wl_lora_interface.c:480:6:wllora_tcxomode_cmd	8	static
/Users/jpnbook/Sync/Repository/OpenTag/io/stm32wl_lora/stm32wl_lora_interface.c:506:6:wllora_iocfg_cad	0	static
/Users/jpnbook/Sync/Repository/OpenTag/io/stm32wl_lora/stm32wl_lora_interface.c:513:6:wllora_iocfg_rx	0	static
/Users/jpnbook/Sync/Repository/OpenTag/io/stm32wl_lora/stm32wl_lora_interface.c:520:6:wllora_iocfg_tx	0	static
/Users/jpnbook/Sync/Repository/OpenTag/io/stm32wl_lora/stm32wl_lora_interface.c:527:13:wllora_int_listen	0	static
/Users/jpnbook/Sync/Repository/OpenTag/io/stm32wl_lora/stm32wl_lora_interface.c:532:13:wllora_int_rxdata	0	static
/Users/jpnbook/Sync/Repository/OpenTag/io/stm32wl_lora/stm32wl_lora_interface.c:537:13:wllora_int_rxend	0	static
/Users/jpnbook/Sync/Repository/OpenTag/io/stm32wl_lora/stm32wl_lora_interface.c:542:13:wllora_int_csma	0	static
/Users/jpnbook/Sync/Repository/OpenTag/io/stm32wl_lora/stm32wl_lora_interface.c:547:13:wllora_int_txdata	0	static
/Users/jpnbook/Sync/Repository/OpenTag/io/stm32wl_lora/stm32wl_lora_interface.c:553:21:wllora_int_off	0	static
/Users/jpnbook/Sync/Repository/OpenTag/io/stm32wl_lora/stm32wl_lora_interface.c:557:21:wllora_int_on	0	static
/Users/jpnbook/Sync/Repository/OpenTag/io/stm32wl_lora/stm32wl_lora_interface.c:580:6:wllora_load_defaults	0	static
/Users/jpnbook/Sync/Repository/OpenTag/io/stm32wl_lora/stm32wl_lora_interface.c:587:6:wllora_corelog	40	static
/Users/jpnbook/Sync/Repository/OpenTag/io/stm32wl_lora/stm32wl_lora_interface.c:607:6:wllora_coredump	0	static
/Users/jpnbook/Sync/Repository/OpenTag/io/stm32wl_lora/stm32wl_lora_interface.c:631:9:wllora_isready	0	static
/Users/jpnbook/Sync/Repository/OpenTag/io/stm32wl_lora/stm32wl_lora_interface.c:637:6:wllora_waitfor_ready	0	static
/Users/jpnbook/Sync/Repository/OpenTag/io/stm32wl_lora/stm32wl_lora_interface.c:640:9:wllora_check_cadpin	0	static
/Users/jpnbook/Sync/Repository/OpenTag/io/stm32wl_lora/stm32wl_lora_interface.c:644:7:wllora_getstatus	8	static
/Users/jpnbook/Sync/Repository/OpenTag/io/stm32wl_lora/stm32wl_lora_interface.c:649:7:wllora_mode	0	static
/Users/jpnbook/Sync/Repository/OpenTag/io/stm32wl_lora/stm32wl_lora_interface.c:661:7:wllora_rxbytes	0	static
/Users/jpnbook/Sync/Repository/OpenTag/io/stm32wl_lora/stm32wl_lora_interface.c:662:7:wllora_rssi	0	static
/Users/jpnbook/Sync/Repository/OpenTag/io/stm32wl_lora/stm32wl_lora_interface.c:663:7:wllora_pktrssi	0	static
/Users/jpnbook/Sync/Repository/OpenTag/io/stm32wl_lora/stm32wl_lora_interface.c:664:7:wllora_pktsnr	0	static
/Users/jpnbook/Sync/Repository/OpenTag/io/stm32wl_lora/stm32wl_lora_interface.c:677:6:wllora_mode_sleep	0	static
/Users/jpnbook/Sync/Repository/OpenTag/io/stm32wl_lora/stm32wl_lora_interface.c:686:6:wllora_mode_standby	0	static
/Users/jpnbook/Sync/Repository/OpenTag/io/stm32wl_lora/stm32wl_lora_interface.c:695:6:wllora_mode_fs	0	static
/Users/jpnbook/Sync/Repository/OpenTag/io/stm32wl_lora/stm32wl_lora_interface.c:699:6:wllora_mode_tx	0	static
/Users/jpnbook/Sync/Repository/OpenTag/io/stm32wl_lora/stm32wl_lora_interface.c:703:6:wllora_mode_rx	0	static
/Users/jpnbook/Sync/Repository/OpenTag/io/stm32wl_lora/stm32wl_lora_interface.c:708:6:wllora_strobe	0	static
/Users/jpnbook/Sync/Repository/OpenTag/io/stm32wl_lora/stm32wl_lora_interface.c:715:7:wllora_read	0	static
/Users/jpnbook/Sync/Repository/OpenTag/io/stm32wl_lora/stm32wl_lora_interface.c:720:6:wllora_burstread	8	static
/Users/jpnbook/Sync/Repository/OpenTag/io/stm32wl_lora/stm32wl_lora_interface.c:729:6:wllora_write	0	static
/Users/jpnbook/Sync/Repository/OpenTag/io/stm32wl_lora/stm32wl_lora_interface.c:733:6:wllora_burstwrite	8	static
/Users/jpnbook/Sync/Repository/OpenTag/io/stm32wl_lora/stm32wl_lora_interface.c:754:6:wllora_start_counter	8	static
/Users/jpnbook/Sync/Repository/OpenTag/io/stm32wl_lora/stm32wl_lora_interface.c:758:6:wllora_stop_counter	0	static
/Users/jpnbook/Sync/Repository/OpenTag/io/stm32wl_lora/stm32wl_lora_interface.c:761:8:wllora_get_counter	8	static
/Users/jpnbook/Sync/Repository/OpenTag/io/stm32wl_lora/stm32wl_lora_interface.c:775:8:wllora_calc_rssi	8	static
/Users/jpnbook/Sync/Repository/OpenTag/io/stm32wl_lora/stm32wl_lora_interface.c:794:7:wllora_calc_rssithr	0	static
/Users/jpnbook/Sync/Repository/OpenTag/io/stm32wl_lora/stm32wl_lora_interface.c:824:7:wllora_clip_txeirp	0	static
/Users/jpnbook/Sync/Repository/OpenTag/io/stm32wl_lora/stm32wl_lora_interface.c:845:6:wllora_set_txpwr	8	static
