/Users/jpnbook/Sync/Repository/OpenTag/m2/_graveyard/session[old].c:53:6:session_init	0	static
/Users/jpnbook/Sync/Repository/OpenTag/m2/_graveyard/session[old].c:61:9:session_getnext	0	static
/Users/jpnbook/Sync/Repository/OpenTag/m2/_graveyard/session[old].c:74:12:sub_store_session	8	static
/Users/jpnbook/Sync/Repository/OpenTag/m2/_graveyard/session[old].c:87:12:session_extend	40	static
/Users/jpnbook/Sync/Repository/OpenTag/m2/_graveyard/session[old].c:133:12:session_new	32	static
/Users/jpnbook/Sync/Repository/OpenTag/m2/_graveyard/session[old].c:161:9:session_occupied	0	static
/Users/jpnbook/Sync/Repository/OpenTag/m2/_graveyard/session[old].c:175:6:session_pop	0	static
/Users/jpnbook/Sync/Repository/OpenTag/m2/_graveyard/session[old].c:195:12:session_top	0	static
/Users/jpnbook/Sync/Repository/OpenTag/m2/_graveyard/session[old].c:202:8:session_numfree	8	static
/Users/jpnbook/Sync/Repository/OpenTag/m2/_graveyard/session[old].c:214:9:session_notempty	0	static
/Users/jpnbook/Sync/Repository/OpenTag/m2/_graveyard/session[old].c:183:6:session_flush	8	static
/Users/jpnbook/Sync/Repository/OpenTag/m2/_graveyard/session[old].c:222:12:session_follower	0	static
/Users/jpnbook/Sync/Repository/OpenTag/m2/_graveyard/session[old].c:232:8:session_follower_wait	0	static
/Users/jpnbook/Sync/Repository/OpenTag/m2/_graveyard/session[old].c:242:6:session_invite_follower	0	static
/Users/jpnbook/Sync/Repository/OpenTag/m2/_graveyard/session[old].c:253:6:session_postpone_inactives	8	static
/Users/jpnbook/Sync/Repository/OpenTag/m2/_graveyard/session[old].c:272:7:session_netstate	0	static
/Users/jpnbook/Sync/Repository/OpenTag/m2/_graveyard/session[old].c:283:6:session_print	56	static
