io_SX127x.c:245:16:sx127x_resetpin_ishigh	0	static
io_SX127x.c:246:16:sx127x_resetpin_setlow	0	static
io_SX127x.c:247:16:sx127x_resetpin_sethigh	0	static
io_SX127x.c:255:16:sx127x_cadpin_ishigh	0	static
io_SX127x.c:262:7:sx127x_getbasepwr	0	static
io_SX127x.c:272:6:sx127x_reset	16	static
io_SX127x.c:296:6:sx127x_init_bus	8	static
io_SX127x.c:362:6:sx127x_spibus_wait	0	static
io_SX127x.c:370:6:sx127x_spibus_io	16	static
io_SX127x.c:445:6:sx127x_antsw_off	0	static
io_SX127x.c:451:6:sx127x_antsw_on	0	static
io_SX127x.c:457:6:sx127x_antsw_tx	8	static
io_SX127x.c:464:6:sx127x_antsw_rx	8	static
io_SX127x.c:474:6:sx127x_int_config	0	static
io_SX127x.c:483:13:sx127x_int_clearall	0	static
io_SX127x.c:487:13:sx127x_int_force	0	static
io_SX127x.c:491:13:sx127x_int_turnon	0	static
io_SX127x.c:495:13:sx127x_int_turnoff	0	static
io_SX127x.c:503:6:sx127x_wfe	8	static,ignoring_inline_asm
