otsys_veelite_SRAM.c:62:7:NAND_erase_page	8	static
otsys_veelite_SRAM.c:119:9:vas_check	0	static
otsys_veelite_SRAM.c:140:7:vworm_format	0	static
otsys_veelite_SRAM.c:147:8:vworm_fsalloc	0	static
otsys_veelite_SRAM.c:166:7:vworm_init	8	static
otsys_veelite_SRAM.c:174:6:vworm_print_table	0	static
otsys_veelite_SRAM.c:181:7:vworm_save	16	static
otsys_veelite_SRAM.c:207:8:vworm_read	0	static
otsys_veelite_SRAM.c:219:7:vworm_write	0	static
otsys_veelite_SRAM.c:232:7:vworm_mark	8	static
otsys_veelite_SRAM.c:240:7:vworm_mark_physical	0	static
otsys_veelite_SRAM.c:252:8:vworm_get	0	static
otsys_veelite_SRAM.c:259:7:vworm_wipeblock	0	static
otsys_veelite_SRAM.c:274:8:vsram_read	8	static
otsys_veelite_SRAM.c:280:7:vsram_mark	8	static
otsys_veelite_SRAM.c:286:7:vsram_mark_physical	8	static
otsys_veelite_SRAM.c:292:8:vsram_get	8	static
