stm32l0xx_hal_flash.c:674:13:FLASH_SetErrorCode	0	static
stm32l0xx_hal_flash.c:752:13:FLASH_Program_Word	0	static
stm32l0xx_hal_flash.c:433:13:HAL_FLASH_EndOfOperationCallback	0	static
stm32l0xx_hal_flash.c:450:13:HAL_FLASH_OperationErrorCallback	0	static
stm32l0xx_hal_flash.c:483:19:HAL_FLASH_Unlock	0	static
stm32l0xx_hal_flash.c:510:19:HAL_FLASH_Lock	0	static
stm32l0xx_hal_flash.c:522:19:HAL_FLASH_OB_Unlock	0	static
stm32l0xx_hal_flash.c:549:19:HAL_FLASH_OB_Lock	0	static
stm32l0xx_hal_flash.c:603:10:HAL_FLASH_GetError	0	static
stm32l0xx_hal_flash.c:625:19:FLASH_WaitForLastOperation	16	static
stm32l0xx_hal_flash.c:237:19:HAL_FLASH_Program	16	static
stm32l0xx_hal_flash.c:274:19:HAL_FLASH_Program_IT	24	static
stm32l0xx_hal_flash.c:561:19:HAL_FLASH_OB_Launch	8	static
stm32l0xx_hal_flash.c:731:6:FLASH_ErasePage	8	static
stm32l0xx_hal_flash.c:311:6:HAL_FLASH_IRQHandler	8	static
