utils.c:32:6:otutils_null	0	static
utils.c:33:6:otutils_sig_null	0	static
utils.c:34:6:otutils_sig2_null	0	static
utils.c:35:6:otutils_sigv_null	0	static
utils.c:47:10:otutils_calc_longtimeout	0	static
utils.c:59:8:otutils_encode_longtimeout	0	static
utils.c:80:10:otutils_calc_timeout	0	static
utils.c:92:7:otutils_encode_timeout	0	static
utils.c:117:8:otutils_byte2hex	8	static
utils.c:129:8:otutils_bin2hex	12	static
utils.c:147:8:otutils_int2dec	16	static
utils.c:177:8:otutils_long2dec	8	static
utils.c:206:8:slistf	32	static
