radio_rm2.c:520:6:sub_initcad	8	static
radio_rm2.c:191:14:radio_init	8	static
radio_rm2.c:242:14:radio_set_mactimer	8	static
radio_rm2.c:252:14:radio_activate_queue	0	static
radio_rm2.c:264:15:radio_buffer	0	static
radio_rm2.c:282:17:rm2_clip_txeirp	8	static
radio_rm2.c:286:17:rm2_calc_rssithr	8	static
radio_rm2.c:299:7:sub_modemconfig2_baseval	0	static
radio_rm2.c:336:9:rm2_channel_fastcheck	0	static
radio_rm2.c:352:14:rm2_enter_channel	16	static
radio_rm2.c:400:14:rm2_mac_configure	0	static
radio_rm2.c:408:14:rm2_calc_link	8	static
radio_rm2.c:426:16:rm2_flood_getcounter	8	static
radio_rm2.c:440:14:rm2_flood_txstop	8	static
radio_rm2.c:452:14:rm2_flood_txstart	8	static
radio_rm2.c:730:14:rm2_rxsync_isr	8	static
radio_rm2.c:893:14:rm2_txinit	8	static
radio_rm2.c:963:14:rm2_resend	8	static
radio_rm2.c:985:9:sub_cca_isfail	8	static
radio_rm2.c:1176:6:sx127xdrv_null	0	static
radio_rm2.c:1180:14:sx127xdrv_buffer_config	24	static
radio_rm2.c:677:14:rm2_rxtest	8	static
radio_rm2.c:1223:14:sx127xdrv_save_linkinfo	0	static
radio_rm2.c:1250:14:radio_gag	8	static
radio_rm2.c:225:14:radio_finish	16	static
radio_rm2.c:472:6:sub_hwtimeout_isr	8	static
radio_rm2.c:585:14:rm2_rxinit	16	static
radio_rm2.c:829:6:rm2_decode_s2	8	static
radio_rm2.c:493:14:rm2_rxtimeout_isr	8	static
radio_rm2.c:805:14:rm2_rxend_isr	8	static
radio_rm2.c:1257:14:radio_ungag	8	static
radio_rm2.c:1265:14:radio_sleep	8	static
radio_rm2.c:1243:14:radio_off	8	static
radio_rm2.c:1283:14:radio_idle	8	static
radio_rm2.c:459:14:rm2_kill	8	static
radio_rm2.c:974:6:sub_cad_csma	8	static
radio_rm2.c:1131:14:rm2_txdata_isr	8	static
radio_rm2.c:1300:14:radio_putbyte	8	static
radio_rm2.c:1306:14:radio_putfourbytes	0	static
radio_rm2.c:1312:15:radio_getbyte	8	static
radio_rm2.c:1318:14:sx127x_getfourbytes	0	static
radio_rm2.c:1324:14:radio_flush_rx	8	static
radio_rm2.c:699:14:rm2_reenter_rx	16	static
radio_rm2.c:512:6:sub_initrx	8	static
radio_rm2.c:671:6:sub_rxtest_callback	8	static
radio_rm2.c:760:14:rm2_rxdata_isr	8	static
radio_rm2.c:1330:14:radio_flush_tx	8	static
radio_rm2.c:925:14:rm2_txtest	8	static
radio_rm2.c:998:14:rm2_txcsma_isr	8	static
radio_rm2.c:115:6:sx127x_virtual_isr	8	static
radio_rm2.c:150:14:radio_mac_isr	8	static
radio_rm2.c:1336:17:radio_rxopen	8	static
radio_rm2.c:1342:17:radio_rxopen_4	8	static
radio_rm2.c:1348:17:radio_txopen	0	static
radio_rm2.c:1354:17:radio_txopen_4	8	static
radio_rm2.c:1361:16:radio_rssi	0	static
radio_rm2.c:1368:17:radio_check_cca	8	static
radio_rm2.c:1375:14:radio_calibrate	0	static
radio_rm2.c:1381:15:radio_getlinkinfo	0	static
radio_rm2.c:1393:15:radio_getpwrcode	8	static
