radio_rm2_patch.c:59:16:sub_bytes_to_symbols_sf5	8	static
radio_rm2_patch.c:62:16:sub_bytes_to_symbols_sf7	8	static
radio_rm2_patch.c:65:16:sub_bytes_to_symbols_sf9	8	static
radio_rm2_patch.c:68:16:sub_bytes_to_symbols_sf11	8	static
radio_rm2_patch.c:75:16:sub_symbols_to_ti	0	static
radio_rm2_patch.c:84:9:rm2_rxtimeout_floor	0	static
radio_rm2_patch.c:108:9:rm2_default_tgd	0	static
radio_rm2_patch.c:146:9:rm2_bgpkt_duration	8	static
radio_rm2_patch.c:152:9:rm2_scale_codec	24	static
radio_rm2_patch.c:140:9:rm2_txpkt_duration	8	static
radio_rm2_patch.c:191:6:em2_encode_newpacket	0	static
radio_rm2_patch.c:198:6:em2_encode_newframe	16	static
radio_rm2_patch.c:293:6:em2_encode_data	16	static
radio_rm2_patch.c:343:6:em2_decode_newpacket	0	static
radio_rm2_patch.c:348:6:em2_decode_newframe	32	static
radio_rm2_patch.c:425:6:em2_decode_data	16	static
radio_rm2_patch.c:529:8:em2_decode_endframe	8	static
