/Users/jpnbook/Sync/Repository/OpenTag/platform/stm32wl55_m0/core_main.c:490:12:sub_xsi_trim	0	static
/Users/jpnbook/Sync/Repository/OpenTag/platform/stm32wl55_m0/core_main.c:61:6:otapi_exec	8	static
/Users/jpnbook/Sync/Repository/OpenTag/platform/stm32wl55_m0/core_main.c:62:6:otapi_preempt	8	static
/Users/jpnbook/Sync/Repository/OpenTag/platform/stm32wl55_m0/core_main.c:63:6:otapi_pause	8	static
/Users/jpnbook/Sync/Repository/OpenTag/platform/stm32wl55_m0/core_main.c:377:6:sub_voltage_config	0	static
/Users/jpnbook/Sync/Repository/OpenTag/platform/stm32wl55_m0/core_main.c:391:6:sub_osc_startup	0	static
/Users/jpnbook/Sync/Repository/OpenTag/platform/stm32wl55_m0/core_main.c:445:6:sub_setclocks	0	static
/Users/jpnbook/Sync/Repository/OpenTag/platform/stm32wl55_m0/core_main.c:456:6:platform_ext_wakefromstop	8	static
/Users/jpnbook/Sync/Repository/OpenTag/platform/stm32wl55_m0/core_main.c:471:6:platform_ext_pllon	0	static
/Users/jpnbook/Sync/Repository/OpenTag/platform/stm32wl55_m0/core_main.c:481:6:platform_ext_plloff	0	static
/Users/jpnbook/Sync/Repository/OpenTag/platform/stm32wl55_m0/core_main.c:548:6:platform_ext_hsitrim	8	static
/Users/jpnbook/Sync/Repository/OpenTag/platform/stm32wl55_m0/core_main.c:577:6:platform_ext_msitrim	8	static
/Users/jpnbook/Sync/Repository/OpenTag/platform/stm32wl55_m0/core_main.c:608:8:platform_ext_lsihz	0	static
/Users/jpnbook/Sync/Repository/OpenTag/platform/stm32wl55_m0/core_main.c:620:10:platform_get_clockhz	0	static
/Users/jpnbook/Sync/Repository/OpenTag/platform/stm32wl55_m0/core_main.c:644:8:sysclock_request	0	static
/Users/jpnbook/Sync/Repository/OpenTag/platform/stm32wl55_m0/core_main.c:649:8:sysclock_dismiss	0	static
/Users/jpnbook/Sync/Repository/OpenTag/platform/stm32wl55_m0/core_main.c:655:6:platform_standard_speed	0	static
/Users/jpnbook/Sync/Repository/OpenTag/platform/stm32wl55_m0/core_main.c:667:6:platform_full_speed	0	static
/Users/jpnbook/Sync/Repository/OpenTag/platform/stm32wl55_m0/core_main.c:681:6:platform_flank_speed	0	static
/Users/jpnbook/Sync/Repository/OpenTag/platform/stm32wl55_m0/core_main.c:699:16:platform_disable_interrupts	0	static,ignoring_inline_asm
/Users/jpnbook/Sync/Repository/OpenTag/platform/stm32wl55_m0/core_main.c:706:16:platform_enable_interrupts	0	static,ignoring_inline_asm
/Users/jpnbook/Sync/Repository/OpenTag/platform/stm32wl55_m0/core_main.c:814:6:platform_poweroff	8	static
/Users/jpnbook/Sync/Repository/OpenTag/platform/stm32wl55_m0/core_main.c:59:6:otapi_poweroff	8	static
/Users/jpnbook/Sync/Repository/OpenTag/platform/stm32wl55_m0/core_main.c:827:6:platform_init_OT	32	static
/Users/jpnbook/Sync/Repository/OpenTag/platform/stm32wl55_m0/core_main.c:60:6:otapi_init	8	static
/Users/jpnbook/Sync/Repository/OpenTag/platform/stm32wl55_m0/core_main.c:903:6:platform_init_busclk	8	static
/Users/jpnbook/Sync/Repository/OpenTag/platform/stm32wl55_m0/core_main.c:950:6:platform_init_periphclk	0	static
/Users/jpnbook/Sync/Repository/OpenTag/platform/stm32wl55_m0/core_main.c:1000:6:platform_init_interruptor	12	static,ignoring_inline_asm
/Users/jpnbook/Sync/Repository/OpenTag/platform/stm32wl55_m0/core_main.c:721:6:platform_poweron	24	static,ignoring_inline_asm
/Users/jpnbook/Sync/Repository/OpenTag/platform/stm32wl55_m0/core_main.c:58:6:otapi_poweron	8	static
/Users/jpnbook/Sync/Repository/OpenTag/platform/stm32wl55_m0/core_main.c:1117:6:platform_init_gpio	0	static
/Users/jpnbook/Sync/Repository/OpenTag/platform/stm32wl55_m0/core_main.c:1129:6:platform_init_watchdog	0	static
/Users/jpnbook/Sync/Repository/OpenTag/platform/stm32wl55_m0/core_main.c:1138:6:platform_init_resetswitch	0	static
/Users/jpnbook/Sync/Repository/OpenTag/platform/stm32wl55_m0/core_main.c:1146:6:platform_init_memcpy	0	static
