/Users/jpnbook/Sync/Repository/OpenTag/platform/stm32wl55_m0/core_gptim.c:76:6:platform_isr_exti15	8	static
/Users/jpnbook/Sync/Repository/OpenTag/platform/stm32wl55_m0/core_gptim.c:87:6:platform_isr_rtcwakeup	8	static
/Users/jpnbook/Sync/Repository/OpenTag/platform/stm32wl55_m0/core_gptim.c:101:6:systim_set_ticker	0	static
/Users/jpnbook/Sync/Repository/OpenTag/platform/stm32wl55_m0/core_gptim.c:107:6:systim_stop_ticker	0	static
/Users/jpnbook/Sync/Repository/OpenTag/platform/stm32wl55_m0/core_gptim.c:131:6:platform_isr_rtcalarm	8	static
/Users/jpnbook/Sync/Repository/OpenTag/platform/stm32wl55_m0/core_gptim.c:183:6:systim_init	0	static
/Users/jpnbook/Sync/Repository/OpenTag/platform/stm32wl55_m0/core_gptim.c:261:13:systim_start_clocker	0	static
/Users/jpnbook/Sync/Repository/OpenTag/platform/stm32wl55_m0/core_gptim.c:267:13:systim_restart_clocker	0	static
/Users/jpnbook/Sync/Repository/OpenTag/platform/stm32wl55_m0/core_gptim.c:274:15:systim_get_clocker	0	static
/Users/jpnbook/Sync/Repository/OpenTag/platform/stm32wl55_m0/core_gptim.c:278:13:systim_stop_clocker	0	static
/Users/jpnbook/Sync/Repository/OpenTag/platform/stm32wl55_m0/core_gptim.c:285:8:systim_get	0	static
/Users/jpnbook/Sync/Repository/OpenTag/platform/stm32wl55_m0/core_gptim.c:293:8:systim_next	0	static
/Users/jpnbook/Sync/Repository/OpenTag/platform/stm32wl55_m0/core_gptim.c:300:6:systim_flush	0	static
/Users/jpnbook/Sync/Repository/OpenTag/platform/stm32wl55_m0/core_gptim.c:306:13:systim_enable	0	static
/Users/jpnbook/Sync/Repository/OpenTag/platform/stm32wl55_m0/core_gptim.c:310:13:systim_disable	0	static
/Users/jpnbook/Sync/Repository/OpenTag/platform/stm32wl55_m0/core_gptim.c:318:8:systim_schedule	12	static
/Users/jpnbook/Sync/Repository/OpenTag/platform/stm32wl55_m0/core_gptim.c:354:6:systim_set_insertion	8	static
/Users/jpnbook/Sync/Repository/OpenTag/platform/stm32wl55_m0/core_gptim.c:376:6:systim_enable_insertion	0	static
/Users/jpnbook/Sync/Repository/OpenTag/platform/stm32wl55_m0/core_gptim.c:380:6:systim_disable_insertion	0	static
/Users/jpnbook/Sync/Repository/OpenTag/platform/stm32wl55_m0/core_gptim.c:387:8:systim_chronstamp	0	static
