/Users/jpnbook/Sync/Repository/OpenTag/platform/stm32wl55_m0/otlib_memcpy.c:67:6:sub_memcpy_dma	16	static
/Users/jpnbook/Sync/Repository/OpenTag/platform/stm32wl55_m0/otlib_memcpy.c:89:6:sub_memcpy2_dma	16	static
/Users/jpnbook/Sync/Repository/OpenTag/platform/stm32wl55_m0/otlib_memcpy.c:112:6:sub_memcpy4_dma	16	static
/Users/jpnbook/Sync/Repository/OpenTag/platform/stm32wl55_m0/otlib_memcpy.c:128:6:sub_memset_dma	16	static
/Users/jpnbook/Sync/Repository/OpenTag/platform/stm32wl55_m0/otlib_memcpy.c:154:6:ot_memcpy	8	static
/Users/jpnbook/Sync/Repository/OpenTag/platform/stm32wl55_m0/otlib_memcpy.c:164:6:ot_memcpy_2	8	static
/Users/jpnbook/Sync/Repository/OpenTag/platform/stm32wl55_m0/otlib_memcpy.c:174:6:ot_memcpy_4	8	static
/Users/jpnbook/Sync/Repository/OpenTag/platform/stm32wl55_m0/otlib_memcpy.c:185:6:ot_memset	24	static
/Users/jpnbook/Sync/Repository/OpenTag/platform/stm32wl55_m0/otlib_memcpy.c:206:6:ot_memset_2	8	static
/Users/jpnbook/Sync/Repository/OpenTag/platform/stm32wl55_m0/otlib_memcpy.c:210:6:ot_memset_4	8	static
