/Users/jpnbook/Sync/Repository/OpenTag/platform/stm32wl55_m0/otsys_mpipe_uart.c:594:6:sub_mpipe_open	0	static
/Users/jpnbook/Sync/Repository/OpenTag/platform/stm32wl55_m0/otsys_mpipe_uart.c:605:6:sub_mpipe_close	0	static
/Users/jpnbook/Sync/Repository/OpenTag/platform/stm32wl55_m0/otsys_mpipe_uart.c:643:6:mpipe_rxsync_isr	8	static
/Users/jpnbook/Sync/Repository/OpenTag/platform/stm32wl55_m0/otsys_mpipe_uart.c:741:7:mpipedrv_footerbytes	0	static
/Users/jpnbook/Sync/Repository/OpenTag/platform/stm32wl55_m0/otsys_mpipe_uart.c:748:8:mpipedrv_init	16	static,ignoring_inline_asm
/Users/jpnbook/Sync/Repository/OpenTag/platform/stm32wl55_m0/otsys_mpipe_uart.c:814:7:mpipedrv_getpwrcode	0	static
/Users/jpnbook/Sync/Repository/OpenTag/platform/stm32wl55_m0/otsys_mpipe_uart.c:822:6:mpipedrv_standby	0	static
/Users/jpnbook/Sync/Repository/OpenTag/platform/stm32wl55_m0/otsys_mpipe_uart.c:828:6:mpipedrv_detach	0	static
/Users/jpnbook/Sync/Repository/OpenTag/platform/stm32wl55_m0/otsys_mpipe_uart.c:834:6:mpipedrv_clear	0	static
/Users/jpnbook/Sync/Repository/OpenTag/platform/stm32wl55_m0/otsys_mpipe_uart.c:841:6:mpipedrv_block	0	static
/Users/jpnbook/Sync/Repository/OpenTag/platform/stm32wl55_m0/otsys_mpipe_uart.c:849:6:mpipedrv_unblock	0	static
/Users/jpnbook/Sync/Repository/OpenTag/platform/stm32wl55_m0/otsys_mpipe_uart.c:858:6:mpipedrv_kill	8	static
/Users/jpnbook/Sync/Repository/OpenTag/platform/stm32wl55_m0/otsys_mpipe_uart.c:870:6:mpipedrv_wait	0	static
/Users/jpnbook/Sync/Repository/OpenTag/platform/stm32wl55_m0/otsys_mpipe_uart.c:879:6:sub_txopen	16	static,ignoring_inline_asm
/Users/jpnbook/Sync/Repository/OpenTag/platform/stm32wl55_m0/otsys_mpipe_uart.c:905:6:sub_txcont	0	static
/Users/jpnbook/Sync/Repository/OpenTag/platform/stm32wl55_m0/otsys_mpipe_uart.c:919:8:mpipedrv_tx	32	static
/Users/jpnbook/Sync/Repository/OpenTag/platform/stm32wl55_m0/otsys_mpipe_uart.c:972:8:mpipedrv_txsync	8	static
/Users/jpnbook/Sync/Repository/OpenTag/platform/stm32wl55_m0/otsys_mpipe_uart.c:987:6:mpipedrv_rx	8	static
/Users/jpnbook/Sync/Repository/OpenTag/platform/stm32wl55_m0/otsys_mpipe_uart.c:657:6:platform_isr_usart2	8	static
/Users/jpnbook/Sync/Repository/OpenTag/platform/stm32wl55_m0/otsys_mpipe_uart.c:1008:6:mpipedrv_isr	16	static,ignoring_inline_asm
/Users/jpnbook/Sync/Repository/OpenTag/platform/stm32wl55_m0/otsys_mpipe_uart.c:711:6:platform_isr_dma2ch7	8	static
