/Users/jpnbook/Sync/Repository/OpenTag/otlib/auth.c:213:6:auth_init	0	static
/Users/jpnbook/Sync/Repository/OpenTag/otlib/auth.c:270:6:auth_deinit	0	static
/Users/jpnbook/Sync/Repository/OpenTag/otlib/auth.c:297:6:auth_putnonce	0	static
/Users/jpnbook/Sync/Repository/OpenTag/otlib/auth.c:330:6:auth_putnonce_q	0	static
/Users/jpnbook/Sync/Repository/OpenTag/otlib/auth.c:354:8:auth_getnonce	0	static
/Users/jpnbook/Sync/Repository/OpenTag/otlib/auth.c:395:8:auth_encrypt	0	static
/Users/jpnbook/Sync/Repository/OpenTag/otlib/auth.c:407:8:auth_decrypt	0	static
/Users/jpnbook/Sync/Repository/OpenTag/otlib/auth.c:493:8:auth_encrypt_q	0	static
/Users/jpnbook/Sync/Repository/OpenTag/otlib/auth.c:514:8:auth_decrypt_q	0	static
/Users/jpnbook/Sync/Repository/OpenTag/otlib/auth.c:610:8:auth_search_user	0	static
/Users/jpnbook/Sync/Repository/OpenTag/otlib/auth.c:666:7:auth_get_user	0	static
/Users/jpnbook/Sync/Repository/OpenTag/otlib/auth.c:687:16:auth_intrinsic_user	0	static
/Users/jpnbook/Sync/Repository/OpenTag/otlib/auth.c:712:9:auth_isroot	0	static
/Users/jpnbook/Sync/Repository/OpenTag/otlib/auth.c:720:9:auth_isuser	0	static
/Users/jpnbook/Sync/Repository/OpenTag/otlib/auth.c:730:7:auth_check	0	static
/Users/jpnbook/Sync/Repository/OpenTag/otlib/auth.c:806:7:auth_find_keyindex	0	static
/Users/jpnbook/Sync/Repository/OpenTag/otlib/auth.c:828:7:auth_refresh_key	0	static
/Users/jpnbook/Sync/Repository/OpenTag/otlib/auth.c:849:7:auth_create_key	0	static
/Users/jpnbook/Sync/Repository/OpenTag/otlib/auth.c:894:7:auth_delete_key	0	static
/Users/jpnbook/Sync/Repository/OpenTag/otlib/auth.c:944:11:auth_get_key	0	static
