/Users/jpnbook/Sync/Repository/OpenTag/otlib/queue.c:71:6:q_rebase	0	static
/Users/jpnbook/Sync/Repository/OpenTag/otlib/queue.c:81:6:q_copy	8	static
/Users/jpnbook/Sync/Repository/OpenTag/otlib/queue.c:94:17:q_getcursor_val	0	static
/Users/jpnbook/Sync/Repository/OpenTag/otlib/queue.c:98:16:q_getcursor_insert	0	static
/Users/jpnbook/Sync/Repository/OpenTag/otlib/queue.c:102:17:q_putcursor_val	0	static
/Users/jpnbook/Sync/Repository/OpenTag/otlib/queue.c:106:16:q_putcursor_insert	0	static
/Users/jpnbook/Sync/Repository/OpenTag/otlib/queue.c:110:19:q_offset	0	static
/Users/jpnbook/Sync/Repository/OpenTag/otlib/queue.c:123:8:q_length	0	static
/Users/jpnbook/Sync/Repository/OpenTag/otlib/queue.c:130:8:q_span	0	static
/Users/jpnbook/Sync/Repository/OpenTag/otlib/queue.c:137:8:q_writespace	0	static
/Users/jpnbook/Sync/Repository/OpenTag/otlib/queue.c:144:8:q_readspace	0	static
/Users/jpnbook/Sync/Repository/OpenTag/otlib/queue.c:158:19:q_blocktime	0	static
/Users/jpnbook/Sync/Repository/OpenTag/otlib/queue.c:164:16:q_blockwrite	0	static
/Users/jpnbook/Sync/Repository/OpenTag/otlib/queue.c:170:6:q_lock	8	static
/Users/jpnbook/Sync/Repository/OpenTag/otlib/queue.c:187:6:q_unlock	0	static
/Users/jpnbook/Sync/Repository/OpenTag/otlib/queue.c:197:6:q_empty	0	static
/Users/jpnbook/Sync/Repository/OpenTag/otlib/queue.c:61:6:q_init	8	static
/Users/jpnbook/Sync/Repository/OpenTag/otlib/queue.c:207:6:q_rewind	8	static
/Users/jpnbook/Sync/Repository/OpenTag/otlib/queue.c:223:7:q_start	16	static
/Users/jpnbook/Sync/Repository/OpenTag/otlib/queue.c:239:9:q_markbyte	0	static
/Users/jpnbook/Sync/Repository/OpenTag/otlib/queue.c:249:6:q_writebyte	0	static
/Users/jpnbook/Sync/Repository/OpenTag/otlib/queue.c:257:6:q_writeshort	0	static
/Users/jpnbook/Sync/Repository/OpenTag/otlib/queue.c:271:6:q_writeshort_be	0	static
/Users/jpnbook/Sync/Repository/OpenTag/otlib/queue.c:288:6:q_writelong	0	static
/Users/jpnbook/Sync/Repository/OpenTag/otlib/queue.c:305:6:q_writelong_be	0	static
/Users/jpnbook/Sync/Repository/OpenTag/otlib/queue.c:322:7:q_readbyte	0	static
/Users/jpnbook/Sync/Repository/OpenTag/otlib/queue.c:330:8:q_readshort	0	static
/Users/jpnbook/Sync/Repository/OpenTag/otlib/queue.c:346:8:q_readshort_be	0	static
/Users/jpnbook/Sync/Repository/OpenTag/otlib/queue.c:364:8:q_readlong	12	static
/Users/jpnbook/Sync/Repository/OpenTag/otlib/queue.c:381:8:q_readlong_be	12	static
/Users/jpnbook/Sync/Repository/OpenTag/otlib/queue.c:399:8:q_writestring	24	static
/Users/jpnbook/Sync/Repository/OpenTag/otlib/queue.c:420:8:q_readstring	24	static
/Users/jpnbook/Sync/Repository/OpenTag/otlib/queue.c:442:8:q_movedata	24	static
/Users/jpnbook/Sync/Repository/OpenTag/otlib/queue.c:473:6:q_print	24	static
