/Users/jpnbook/Sync/Repository/OpenTag/otlib/veelite.c:1125:16:sub_gfb_new	0	static
/Users/jpnbook/Sync/Repository/OpenTag/otlib/veelite.c:1158:9:sub_iss_new	0	static
/Users/jpnbook/Sync/Repository/OpenTag/otlib/veelite.c:1184:16:sub_isf_new	0	static
/Users/jpnbook/Sync/Repository/OpenTag/otlib/veelite.c:1224:14:sub_gfb_delete_check	0	static
/Users/jpnbook/Sync/Repository/OpenTag/otlib/veelite.c:1233:14:sub_iss_delete_check	0	static
/Users/jpnbook/Sync/Repository/OpenTag/otlib/veelite.c:1242:14:sub_isf_delete_check	0	static
/Users/jpnbook/Sync/Repository/OpenTag/otlib/veelite.c:1537:16:sub_new_fp	0	static
/Users/jpnbook/Sync/Repository/OpenTag/otlib/veelite.c:1655:13:sub_write_header	24	static
/Users/jpnbook/Sync/Repository/OpenTag/otlib/veelite.c:1601:14:sub_header_search	24	static
/Users/jpnbook/Sync/Repository/OpenTag/otlib/veelite.c:1264:14:sub_isf_search	8	static
/Users/jpnbook/Sync/Repository/OpenTag/otlib/veelite.c:1259:14:sub_iss_search	8	static
/Users/jpnbook/Sync/Repository/OpenTag/otlib/veelite.c:1254:14:sub_gfb_search	8	static
/Users/jpnbook/Sync/Repository/OpenTag/otlib/veelite.c:1643:13:sub_copy_header	24	static
/Users/jpnbook/Sync/Repository/OpenTag/otlib/veelite.c:395:14:sub_action	8	static
/Users/jpnbook/Sync/Repository/OpenTag/otlib/veelite.c:1584:13:sub_delete_file	16	static
/Users/jpnbook/Sync/Repository/OpenTag/otlib/veelite.c:416:16:vl_get_fsalloc	8	static
/Users/jpnbook/Sync/Repository/OpenTag/otlib/veelite.c:427:17:vl_get_fp	0	static
/Users/jpnbook/Sync/Repository/OpenTag/otlib/veelite.c:434:16:vl_get_fd	8	static
/Users/jpnbook/Sync/Repository/OpenTag/otlib/veelite.c:446:15:vl_new	32	static
/Users/jpnbook/Sync/Repository/OpenTag/otlib/veelite.c:509:15:vl_delete	24	static
/Users/jpnbook/Sync/Repository/OpenTag/otlib/veelite.c:576:15:vl_getheader_vaddr	16	static
/Users/jpnbook/Sync/Repository/OpenTag/otlib/veelite.c:319:16:vl_add_action	40	static
/Users/jpnbook/Sync/Repository/OpenTag/otlib/veelite.c:372:14:vl_remove_action	32	static
/Users/jpnbook/Sync/Repository/OpenTag/otlib/veelite.c:615:15:vl_getheader	32	static
/Users/jpnbook/Sync/Repository/OpenTag/otlib/veelite.c:631:17:vl_open_file	16	static
/Users/jpnbook/Sync/Repository/OpenTag/otlib/veelite.c:665:17:vl_open	32	static
/Users/jpnbook/Sync/Repository/OpenTag/otlib/veelite.c:677:16:vl_getmodtime	16	static
/Users/jpnbook/Sync/Repository/OpenTag/otlib/veelite.c:692:16:vl_getacctime	8	static
/Users/jpnbook/Sync/Repository/OpenTag/otlib/veelite.c:709:15:vl_setmodtime	16	static
/Users/jpnbook/Sync/Repository/OpenTag/otlib/veelite.c:723:15:vl_setacctime	0	static
/Users/jpnbook/Sync/Repository/OpenTag/otlib/veelite.c:739:15:vl_chmod	32	static
/Users/jpnbook/Sync/Repository/OpenTag/otlib/veelite.c:784:16:vl_read	8	static
/Users/jpnbook/Sync/Repository/OpenTag/otlib/veelite.c:792:15:vl_write	8	static
/Users/jpnbook/Sync/Repository/OpenTag/otlib/veelite.c:811:16:vl_memptr	8	static
/Users/jpnbook/Sync/Repository/OpenTag/otlib/veelite.c:828:17:vl_load	32	static
/Users/jpnbook/Sync/Repository/OpenTag/otlib/veelite.c:858:15:vl_store	32	static
/Users/jpnbook/Sync/Repository/OpenTag/otlib/veelite.c:888:15:vl_append	32	static
/Users/jpnbook/Sync/Repository/OpenTag/otlib/veelite.c:917:15:vl_execute	8	static
/Users/jpnbook/Sync/Repository/OpenTag/otlib/veelite.c:933:15:vl_close	16	static
/Users/jpnbook/Sync/Repository/OpenTag/otlib/veelite.c:764:15:vl_touch	8	static
/Users/jpnbook/Sync/Repository/OpenTag/otlib/veelite.c:1009:17:vl_checklength	0	static
/Users/jpnbook/Sync/Repository/OpenTag/otlib/veelite.c:1021:17:vl_checkalloc	0	static
/Users/jpnbook/Sync/Repository/OpenTag/otlib/veelite.c:1043:17:GFB_open_su	0	static
/Users/jpnbook/Sync/Repository/OpenTag/otlib/veelite.c:1051:17:ISS_open_su	8	static
/Users/jpnbook/Sync/Repository/OpenTag/otlib/veelite.c:1055:17:ISF_open_su	8	static
/Users/jpnbook/Sync/Repository/OpenTag/otlib/veelite.c:1060:17:GFB_open	0	static
/Users/jpnbook/Sync/Repository/OpenTag/otlib/veelite.c:1068:17:ISS_open	8	static
/Users/jpnbook/Sync/Repository/OpenTag/otlib/veelite.c:1072:17:ISF_open	8	static
/Users/jpnbook/Sync/Repository/OpenTag/otlib/veelite.c:1077:15:GFB_chmod_su	0	static
/Users/jpnbook/Sync/Repository/OpenTag/otlib/veelite.c:1085:15:ISS_chmod_su	8	static
/Users/jpnbook/Sync/Repository/OpenTag/otlib/veelite.c:1089:15:ISF_chmod_su	8	static
/Users/jpnbook/Sync/Repository/OpenTag/otlib/veelite.c:1094:15:ISF_syncmirror	0	static
/Users/jpnbook/Sync/Repository/OpenTag/otlib/veelite.c:1102:15:ISF_loadmirror	0	static
/Users/jpnbook/Sync/Repository/OpenTag/otlib/veelite.c:279:15:vl_init	8	static
