alp_api_server.c:93:8:icmd_session_number	8	static
alp_api_server.c:97:8:icmd_session_flush	8	static
alp_api_server.c:101:8:icmd_session_isblocked	16	static
alp_api_server.c:107:8:icmd_sys_init	8	static
alp_api_server.c:111:8:icmd_sys_newdialog	16	static
alp_api_server.c:117:8:icmd_sys_newadvdialog	24	static
alp_api_server.c:125:8:icmd_sys_openrequest	48	static
alp_api_server.c:141:8:icmd_sys_closerequest	8	static
alp_api_server.c:145:8:icmd_sys_startdialog	16	static
alp_api_server.c:208:9:sub_proc_api_irregular	24	static
alp_api_server.c:228:17:alp_proc_api_session	8	static
alp_api_server.c:233:17:alp_proc_api_system	8	static
alp_api_server.c:239:17:alp_proc_api_query	56	static
