alp_tmpl.c:43:14:alp_breakdown_u8	8	static
alp_tmpl.c:47:14:alp_breakdown_u16	8	static
alp_tmpl.c:51:14:alp_breakdown_u32	8	static
alp_tmpl.c:55:14:alp_stream_u8	8	static
alp_tmpl.c:59:14:alp_stream_u16	8	static
alp_tmpl.c:63:14:alp_stream_u32	8	static
alp_tmpl.c:71:14:alp_breakdown_queue	16	static
alp_tmpl.c:101:14:alp_stream_queue	16	static
alp_tmpl.c:115:14:alp_breakdown_session_tmpl	8	static
alp_tmpl.c:119:14:alp_stream_session_tmpl	8	static
alp_tmpl.c:127:14:alp_breakdown_advert_tmpl	16	static
alp_tmpl.c:132:14:alp_stream_advert_tmpl	16	static
alp_tmpl.c:142:14:alp_breakdown_command_tmpl	8	static
alp_tmpl.c:149:14:alp_stream_command_tmpl	8	static
alp_tmpl.c:202:14:alp_breakdown_id_tmpl	16	static
alp_tmpl.c:158:14:alp_breakdown_routing_tmpl	24	static
alp_tmpl.c:219:14:alp_stream_id_tmpl	16	static
alp_tmpl.c:182:14:alp_stream_routing_tmpl	16	static
alp_tmpl.c:229:14:alp_breakdown_dialog_tmpl	16	static
alp_tmpl.c:239:14:alp_stream_dialog_tmpl	16	static
alp_tmpl.c:251:14:alp_breakdown_query_tmpl	24	static
alp_tmpl.c:270:14:alp_stream_query_tmpl	16	static
alp_tmpl.c:286:14:alp_breakdown_ack_tmpl	16	static
alp_tmpl.c:296:14:alp_stream_ack_tmpl	16	static
alp_tmpl.c:308:14:alp_breakdown_error_tmpl	16	static
alp_tmpl.c:314:14:alp_stream_error_tmpl	16	static
alp_tmpl.c:326:14:alp_breakdown_udp_tmpl	16	static
alp_tmpl.c:335:14:alp_stream_udp_tmpl	16	static
alp_tmpl.c:348:14:alp_breakdown_isfcomp_tmpl	16	static
alp_tmpl.c:354:14:alp_stream_isfcomp_tmpl	16	static
alp_tmpl.c:366:14:alp_breakdown_isfcall_tmpl	16	static
alp_tmpl.c:371:14:alp_stream_isfcall_tmpl	16	static
