core_main.c:50:6:otapi_exec	8	static
core_main.c:51:6:otapi_preempt	8	static
core_main.c:52:6:otapi_pause	8	static
core_main.c:409:6:sub_voltage_config	0	static
core_main.c:425:6:sub_osc_startup	0	static
core_main.c:441:6:sub_osc_setclock	0	static
core_main.c:453:6:sub_set_clockhz	0	static
core_main.c:474:6:platform_ext_wakefromstop	8	static
core_main.c:507:6:platform_ext_usbcrson	0	static,ignoring_inline_asm
core_main.c:540:6:platform_ext_usbcrsoff	0	static
core_main.c:550:6:platform_ext_pllon	0	static
core_main.c:566:6:platform_ext_plloff	0	static
core_main.c:579:6:platform_ext_hsitrim	0	static
core_main.c:588:8:platform_ext_lsihz	0	static
core_main.c:606:10:platform_get_clockhz	0	static
core_main.c:639:8:sysclock_request	0	static
core_main.c:663:8:sysclock_dismiss	0	static
core_main.c:682:6:platform_standard_speed	0	static
core_main.c:720:6:platform_full_speed	8	static,ignoring_inline_asm
core_main.c:764:6:platform_flank_speed	8	static
core_main.c:814:16:platform_disable_interrupts	0	static,ignoring_inline_asm
core_main.c:821:16:platform_enable_interrupts	0	static,ignoring_inline_asm
core_main.c:894:6:platform_poweroff	8	static
core_main.c:48:6:otapi_poweroff	8	static
core_main.c:907:6:platform_init_OT	32	static
core_main.c:49:6:otapi_init	8	static
core_main.c:983:6:platform_init_busclk	8	static
core_main.c:1083:6:platform_init_periphclk	0	static
core_main.c:1137:6:platform_init_interruptor	20	static
core_main.c:836:6:platform_poweron	8	static,ignoring_inline_asm
core_main.c:47:6:otapi_poweron	8	static
core_main.c:1255:6:platform_init_gpio	0	static
core_main.c:1267:6:platform_init_watchdog	0	static
core_main.c:1276:6:platform_init_resetswitch	0	static
core_main.c:1284:6:platform_init_memcpy	0	static
