stm32l0xx_hal_rcc_ex.c:149:19:HAL_RCCEx_PeriphCLKConfig	16	static
stm32l0xx_hal_rcc_ex.c:314:6:HAL_RCCEx_GetPeriphCLKConfig	8	static
stm32l0xx_hal_rcc_ex.c:399:10:HAL_RCCEx_GetPeriphCLKFreq	8	static
stm32l0xx_hal_rcc_ex.c:746:6:HAL_RCCEx_EnableLSECSS	0	static
stm32l0xx_hal_rcc_ex.c:755:6:HAL_RCCEx_DisableLSECSS	0	static
stm32l0xx_hal_rcc_ex.c:769:6:HAL_RCCEx_EnableLSECSS_IT	0	static
stm32l0xx_hal_rcc_ex.c:803:13:HAL_RCCEx_LSECSS_Callback	0	static
stm32l0xx_hal_rcc_ex.c:786:6:HAL_RCCEx_LSECSS_IRQHandler	8	static
stm32l0xx_hal_rcc_ex.c:817:6:HAL_RCCEx_CRSConfig	0	static
stm32l0xx_hal_rcc_ex.c:879:6:HAL_RCCEx_CRSSoftwareSynchronizationGenerate	0	static
stm32l0xx_hal_rcc_ex.c:890:6:HAL_RCCEx_CRSGetSynchronizationInfo	0	static
stm32l0xx_hal_rcc_ex.c:925:10:HAL_RCCEx_CRSWaitSynchronization	16	static
stm32l0xx_hal_rcc_ex.c:1008:6:HAL_RCCEx_EnableHSI48_VREFINT	0	static
stm32l0xx_hal_rcc_ex.c:1019:6:HAL_RCCEx_DisableHSI48_VREFINT	0	static
