io_ubxm8_stm32l0.c:304:6:sub_ubx_open	0	static
io_ubxm8_stm32l0.c:316:6:sub_ubx_close	0	static
io_ubxm8_stm32l0.c:334:8:sub_ubx_fletcher	8	static
io_ubxm8_stm32l0.c:362:6:ubxdrv_rxsync_isr	8	static
io_ubxm8_stm32l0.c:445:7:ubxdrv_footerbytes	0	static
io_ubxm8_stm32l0.c:495:6:ubxdrv_reset	0	static
io_ubxm8_stm32l0.c:450:8:ubxdrv_init	16	static
io_ubxm8_stm32l0.c:518:9:ubxdrv_turnon	0	static
io_ubxm8_stm32l0.c:538:9:ubxdrv_extwakeup	0	static
io_ubxm8_stm32l0.c:560:7:ubxdrv_getpwrcode	0	static
io_ubxm8_stm32l0.c:565:6:ubxdrv_standby	0	static
io_ubxm8_stm32l0.c:568:6:ubxdrv_detach	0	static
io_ubxm8_stm32l0.c:572:6:ubxdrv_clear	0	static
io_ubxm8_stm32l0.c:578:6:ubxdrv_block	0	static
io_ubxm8_stm32l0.c:582:6:ubxdrv_unblock	0	static
io_ubxm8_stm32l0.c:588:6:ubxdrv_kill	8	static
io_ubxm8_stm32l0.c:528:6:ubxdrv_turnoff	8	static
io_ubxm8_stm32l0.c:543:6:ubxdrv_extsleep	8	static
io_ubxm8_stm32l0.c:593:6:ubxdrv_wait	0	static
io_ubxm8_stm32l0.c:602:6:sub_ubx_txcont	0	static
io_ubxm8_stm32l0.c:613:8:ubxdrv_txsync	8	static
io_ubxm8_stm32l0.c:626:8:ubxdrv_tx	16	static
io_ubxm8_stm32l0.c:659:6:ubxdrv_rx	8	static
io_ubxm8_stm32l0.c:380:6:platform_isr_usart2	8	static
io_ubxm8_stm32l0.c:549:6:ubxdrv_setbaudrate	8	static
io_ubxm8_stm32l0.c:677:6:ubxdrv_isr	8	static
io_ubxm8_stm32l0.c:427:6:platform_isr_dma1ch6	8	static
io_ubxm8_stm32l0.c:431:6:platform_isr_dma1ch7	8	static
