stm32l4xx_ll_utils.c:603:20:UTILS_SetFlashLatency	0	static
stm32l4xx_ll_utils.c:734:17:UTILS_GetPLLOutputFrequency	0	static
stm32l4xx_ll_utils.c:765:20:UTILS_PLL_IsBusy	0	static
stm32l4xx_ll_utils.c:171:6:LL_Init1msTick	0	static
stm32l4xx_ll_utils.c:187:6:LL_mDelay	8	static
stm32l4xx_ll_utils.c:279:6:LL_SetSystemCoreClock	0	static
stm32l4xx_ll_utils.c:806:20:UTILS_EnablePLLAndSwitchSystem	16	static
stm32l4xx_ll_utils.c:301:13:LL_PLL_ConfigSystemClock_MSI	24	static
stm32l4xx_ll_utils.c:427:13:LL_PLL_ConfigSystemClock_HSI	24	static
stm32l4xx_ll_utils.c:508:13:LL_PLL_ConfigSystemClock_HSE	24	static
