stm32l4xx_hal_pwr_ex.c:115:10:HAL_PWREx_GetVoltageRange	0	static
stm32l4xx_hal_pwr_ex.c:164:19:HAL_PWREx_ControlVoltageScaling	0	static
stm32l4xx_hal_pwr_ex.c:283:6:HAL_PWREx_EnableBatteryCharging	0	static
stm32l4xx_hal_pwr_ex.c:299:6:HAL_PWREx_DisableBatteryCharging	0	static
stm32l4xx_hal_pwr_ex.c:311:6:HAL_PWREx_EnableVddUSB	0	static
stm32l4xx_hal_pwr_ex.c:321:6:HAL_PWREx_DisableVddUSB	0	static
stm32l4xx_hal_pwr_ex.c:354:6:HAL_PWREx_EnableInternalWakeUpLine	0	static
stm32l4xx_hal_pwr_ex.c:364:6:HAL_PWREx_DisableInternalWakeUpLine	0	static
stm32l4xx_hal_pwr_ex.c:392:19:HAL_PWREx_EnableGPIOPullUp	0	static
stm32l4xx_hal_pwr_ex.c:475:19:HAL_PWREx_DisableGPIOPullUp	0	static
stm32l4xx_hal_pwr_ex.c:552:19:HAL_PWREx_EnableGPIOPullDown	0	static
stm32l4xx_hal_pwr_ex.c:635:19:HAL_PWREx_DisableGPIOPullDown	0	static
stm32l4xx_hal_pwr_ex.c:705:6:HAL_PWREx_EnablePullUpPullDownConfig	0	static
stm32l4xx_hal_pwr_ex.c:717:6:HAL_PWREx_DisablePullUpPullDownConfig	0	static
stm32l4xx_hal_pwr_ex.c:730:6:HAL_PWREx_EnableSRAM2ContentRetention	0	static
stm32l4xx_hal_pwr_ex.c:742:6:HAL_PWREx_DisableSRAM2ContentRetention	0	static
stm32l4xx_hal_pwr_ex.c:754:6:HAL_PWREx_EnableBORPVD_ULP	0	static
stm32l4xx_hal_pwr_ex.c:765:6:HAL_PWREx_DisableBORPVD_ULP	0	static
stm32l4xx_hal_pwr_ex.c:779:6:HAL_PWREx_EnableExtSMPS_0V95	0	static
stm32l4xx_hal_pwr_ex.c:791:6:HAL_PWREx_DisableExtSMPS_0V95	0	static
stm32l4xx_hal_pwr_ex.c:849:6:HAL_PWREx_EnablePVM1	0	static
stm32l4xx_hal_pwr_ex.c:858:6:HAL_PWREx_DisablePVM1	0	static
stm32l4xx_hal_pwr_ex.c:890:6:HAL_PWREx_EnablePVM3	0	static
stm32l4xx_hal_pwr_ex.c:899:6:HAL_PWREx_DisablePVM3	0	static
stm32l4xx_hal_pwr_ex.c:909:6:HAL_PWREx_EnablePVM4	0	static
stm32l4xx_hal_pwr_ex.c:918:6:HAL_PWREx_DisablePVM4	0	static
stm32l4xx_hal_pwr_ex.c:938:19:HAL_PWREx_ConfigPVM	0	static
stm32l4xx_hal_pwr_ex.c:1100:6:HAL_PWREx_EnableLowPowerRunMode	0	static
stm32l4xx_hal_pwr_ex.c:1115:19:HAL_PWREx_DisableLowPowerRunMode	0	static
stm32l4xx_hal_pwr_ex.c:1159:6:HAL_PWREx_EnterSTOP0Mode	0	static,ignoring_inline_asm
stm32l4xx_hal_pwr_ex.c:1210:6:HAL_PWREx_EnterSTOP1Mode	0	static,ignoring_inline_asm
stm32l4xx_hal_pwr_ex.c:1262:6:HAL_PWREx_EnterSTOP2Mode	0	static,ignoring_inline_asm
stm32l4xx_hal_pwr_ex.c:1304:6:HAL_PWREx_EnterSHUTDOWNMode	0	static,ignoring_inline_asm
stm32l4xx_hal_pwr_ex.c:1385:13:HAL_PWREx_PVM1Callback	0	static
stm32l4xx_hal_pwr_ex.c:1410:13:HAL_PWREx_PVM3Callback	0	static
stm32l4xx_hal_pwr_ex.c:1421:13:HAL_PWREx_PVM4Callback	0	static
stm32l4xx_hal_pwr_ex.c:1329:6:HAL_PWREx_PVD_PVM_IRQHandler	8	static
