stm32l4xx_hal_pwr.c:87:6:HAL_PWR_DeInit	0	static
stm32l4xx_hal_pwr.c:105:6:HAL_PWR_EnableBkUpAccess	0	static
stm32l4xx_hal_pwr.c:115:6:HAL_PWR_DisableBkUpAccess	0	static
stm32l4xx_hal_pwr.c:312:19:HAL_PWR_ConfigPVD	0	static
stm32l4xx_hal_pwr.c:358:6:HAL_PWR_EnablePVD	0	static
stm32l4xx_hal_pwr.c:367:6:HAL_PWR_DisablePVD	0	static
stm32l4xx_hal_pwr.c:392:6:HAL_PWR_EnableWakeUpPin	0	static
stm32l4xx_hal_pwr.c:413:6:HAL_PWR_DisableWakeUpPin	0	static
stm32l4xx_hal_pwr.c:445:6:HAL_PWR_EnterSLEEPMode	8	static,ignoring_inline_asm
stm32l4xx_hal_pwr.c:524:6:HAL_PWR_EnterSTOPMode	8	static
stm32l4xx_hal_pwr.c:557:6:HAL_PWR_EnterSTANDBYMode	0	static,ignoring_inline_asm
stm32l4xx_hal_pwr.c:583:6:HAL_PWR_EnableSleepOnExit	0	static
stm32l4xx_hal_pwr.c:596:6:HAL_PWR_DisableSleepOnExit	0	static
stm32l4xx_hal_pwr.c:610:6:HAL_PWR_EnableSEVOnPend	0	static
stm32l4xx_hal_pwr.c:623:6:HAL_PWR_DisableSEVOnPend	0	static
stm32l4xx_hal_pwr.c:637:13:HAL_PWR_PVDCallback	0	static
