stm32l4xx_hal_flash.c:700:13:FLASH_Program_DoubleWord	4	static,ignoring_inline_asm
stm32l4xx_hal_flash.c:725:13:FLASH_Program_Fast	4	static,ignoring_inline_asm
stm32l4xx_hal_flash.c:253:19:HAL_FLASH_Program_IT	16	static
stm32l4xx_hal_flash.c:456:13:HAL_FLASH_EndOfOperationCallback	0	static
stm32l4xx_hal_flash.c:474:13:HAL_FLASH_OperationErrorCallback	0	static
stm32l4xx_hal_flash.c:313:6:HAL_FLASH_IRQHandler	8	static
stm32l4xx_hal_flash.c:507:19:HAL_FLASH_Unlock	0	static
stm32l4xx_hal_flash.c:531:19:HAL_FLASH_Lock	0	static
stm32l4xx_hal_flash.c:543:19:HAL_FLASH_OB_Unlock	0	static
stm32l4xx_hal_flash.c:563:19:HAL_FLASH_OB_Lock	0	static
stm32l4xx_hal_flash.c:625:10:HAL_FLASH_GetError	0	static
stm32l4xx_hal_flash.c:649:19:FLASH_WaitForLastOperation	16	static
stm32l4xx_hal_flash.c:171:19:HAL_FLASH_Program	24	static
stm32l4xx_hal_flash.c:575:19:HAL_FLASH_OB_Launch	8	static
