stm32l4xx_hal.c:225:13:HAL_MspInit	0	static
stm32l4xx_hal.c:236:13:HAL_MspDeInit	0	static
stm32l4xx_hal.c:196:19:HAL_DeInit	8	static
stm32l4xx_hal.c:259:26:HAL_InitTick	8	static
stm32l4xx_hal.c:153:19:HAL_Init	8	static
stm32l4xx_hal.c:326:13:HAL_IncTick	0	static
stm32l4xx_hal.c:337:17:HAL_GetTick	0	static
stm32l4xx_hal.c:346:10:HAL_GetTickPrio	0	static
stm32l4xx_hal.c:356:19:HAL_SetTickFreq	8	static
stm32l4xx_hal.c:378:10:HAL_GetTickFreq	0	static
stm32l4xx_hal.c:394:13:HAL_Delay	16	static
stm32l4xx_hal.c:420:13:HAL_SuspendTick	0	static
stm32l4xx_hal.c:436:13:HAL_ResumeTick	0	static
stm32l4xx_hal.c:446:10:HAL_GetHalVersion	0	static
stm32l4xx_hal.c:455:10:HAL_GetREVID	0	static
stm32l4xx_hal.c:464:10:HAL_GetDEVID	0	static
stm32l4xx_hal.c:473:10:HAL_GetUIDw0	0	static
stm32l4xx_hal.c:482:10:HAL_GetUIDw1	0	static
stm32l4xx_hal.c:491:10:HAL_GetUIDw2	0	static
stm32l4xx_hal.c:520:6:HAL_DBGMCU_EnableDBGSleepMode	0	static
stm32l4xx_hal.c:529:6:HAL_DBGMCU_DisableDBGSleepMode	0	static
stm32l4xx_hal.c:538:6:HAL_DBGMCU_EnableDBGStopMode	0	static
stm32l4xx_hal.c:547:6:HAL_DBGMCU_DisableDBGStopMode	0	static
stm32l4xx_hal.c:556:6:HAL_DBGMCU_EnableDBGStandbyMode	0	static
stm32l4xx_hal.c:565:6:HAL_DBGMCU_DisableDBGStandbyMode	0	static
stm32l4xx_hal.c:598:6:HAL_SYSCFG_SRAM2Erase	0	static
stm32l4xx_hal.c:617:6:HAL_SYSCFG_EnableMemorySwappingBank	0	static
stm32l4xx_hal.c:632:6:HAL_SYSCFG_DisableMemorySwappingBank	0	static
stm32l4xx_hal.c:726:6:HAL_SYSCFG_EnableIOAnalogSwitchBooster	0	static
stm32l4xx_hal.c:736:6:HAL_SYSCFG_DisableIOAnalogSwitchBooster	0	static
