stm32l4xx_hal_rcc_ex.c:196:19:HAL_RCCEx_PeriphCLKConfig	32	static
stm32l4xx_hal_rcc_ex.c:826:6:HAL_RCCEx_GetPeriphCLKConfig	0	static
stm32l4xx_hal_rcc_ex.c:1152:10:HAL_RCCEx_GetPeriphCLKFreq	8	static
stm32l4xx_hal_rcc_ex.c:2301:6:HAL_RCCEx_WakeUpStopCLKConfig	0	static
stm32l4xx_hal_rcc_ex.c:2319:6:HAL_RCCEx_StandbyMSIRangeConfig	0	static
stm32l4xx_hal_rcc_ex.c:2333:6:HAL_RCCEx_EnableLSECSS	0	static
stm32l4xx_hal_rcc_ex.c:2343:6:HAL_RCCEx_DisableLSECSS	0	static
stm32l4xx_hal_rcc_ex.c:2356:6:HAL_RCCEx_EnableLSECSS_IT	0	static
stm32l4xx_hal_rcc_ex.c:2390:13:HAL_RCCEx_LSECSS_Callback	0	static
stm32l4xx_hal_rcc_ex.c:2373:6:HAL_RCCEx_LSECSS_IRQHandler	8	static
stm32l4xx_hal_rcc_ex.c:2405:6:HAL_RCCEx_EnableLSCO	48	static
stm32l4xx_hal_rcc_ex.c:2452:6:HAL_RCCEx_DisableLSCO	16	static
stm32l4xx_hal_rcc_ex.c:2490:6:HAL_RCCEx_EnableMSIPLLMode	0	static
stm32l4xx_hal_rcc_ex.c:2500:6:HAL_RCCEx_DisableMSIPLLMode	0	static
stm32l4xx_hal_rcc_ex.c:2580:6:HAL_RCCEx_CRSConfig	0	static
stm32l4xx_hal_rcc_ex.c:2623:6:HAL_RCCEx_CRSSoftwareSynchronizationGenerate	0	static
stm32l4xx_hal_rcc_ex.c:2633:6:HAL_RCCEx_CRSGetSynchronizationInfo	0	static
stm32l4xx_hal_rcc_ex.c:2666:10:HAL_RCCEx_CRSWaitSynchronization	16	static
stm32l4xx_hal_rcc_ex.c:2814:13:HAL_RCCEx_CRS_SyncOkCallback	0	static
stm32l4xx_hal_rcc_ex.c:2825:13:HAL_RCCEx_CRS_SyncWarnCallback	0	static
stm32l4xx_hal_rcc_ex.c:2836:13:HAL_RCCEx_CRS_ExpectedSyncCallback	0	static
stm32l4xx_hal_rcc_ex.c:2852:13:HAL_RCCEx_CRS_ErrorCallback	0	static
stm32l4xx_hal_rcc_ex.c:2749:6:HAL_RCCEx_CRS_IRQHandler	8	static
