core_gptim.c:71:8:__read_lptim_cnt	0	static
core_gptim.c:83:6:__write_lptim_cmp	0	static
core_gptim.c:95:6:__write_lptim_arr	0	static
core_gptim.c:109:6:platform_isr_lptim1	0	static
core_gptim.c:133:6:platform_isr_rtcwakeup	8	static
core_gptim.c:154:6:systim_init	16	static
core_gptim.c:222:8:systim_get	8	static
core_gptim.c:229:8:systim_next	8	static
core_gptim.c:236:6:systim_enable	0	static
core_gptim.c:241:6:systim_disable	0	static
core_gptim.c:247:6:systim_pend	8	static
core_gptim.c:253:6:systim_flush	8	static
core_gptim.c:258:8:systim_schedule	16	static
core_gptim.c:334:6:sub_enable_wkuptim	0	static
core_gptim.c:346:6:sub_disable_wkuptim	0	static
core_gptim.c:358:6:sub_set_wkuptim	0	static
core_gptim.c:389:6:systim_set_ticker	0	static
core_gptim.c:396:6:systim_stop_ticker	0	static
core_gptim.c:417:6:systim_set_insertion	8	static
core_gptim.c:428:16:systim_enable_insertion	0	static
core_gptim.c:433:16:systim_disable_insertion	8	static
core_gptim.c:465:6:systim_start_clocker	0	static
core_gptim.c:470:6:systim_restart_clocker	8	static
core_gptim.c:474:8:systim_get_clocker	0	static
core_gptim.c:478:6:systim_stop_clocker	0	static
core_gptim.c:495:8:systim_chronstamp	8	static
