otsys_mpipe_uart.c:479:6:sub_mpipe_open	0	static
otsys_mpipe_uart.c:490:6:sub_mpipe_close	0	static
otsys_mpipe_uart.c:528:6:mpipe_rxsync_isr	8	static
otsys_mpipe_uart.c:624:7:mpipedrv_footerbytes	0	static
otsys_mpipe_uart.c:631:8:mpipedrv_init	16	static
otsys_mpipe_uart.c:682:7:mpipedrv_getpwrcode	0	static
otsys_mpipe_uart.c:690:6:mpipedrv_standby	0	static
otsys_mpipe_uart.c:696:6:mpipedrv_detach	0	static
otsys_mpipe_uart.c:702:6:mpipedrv_clear	0	static
otsys_mpipe_uart.c:709:6:mpipedrv_block	0	static
otsys_mpipe_uart.c:717:6:mpipedrv_unblock	0	static
otsys_mpipe_uart.c:726:6:mpipedrv_kill	8	static
otsys_mpipe_uart.c:738:6:mpipedrv_wait	0	static
otsys_mpipe_uart.c:747:6:sub_txopen	16	static,ignoring_inline_asm
otsys_mpipe_uart.c:773:6:sub_txcont	0	static
otsys_mpipe_uart.c:788:8:mpipedrv_tx	24	static
otsys_mpipe_uart.c:841:8:mpipedrv_txsync	8	static
otsys_mpipe_uart.c:856:6:mpipedrv_rx	8	static
otsys_mpipe_uart.c:542:6:platform_isr_usart1	8	static
otsys_mpipe_uart.c:877:6:mpipedrv_isr	16	static,ignoring_inline_asm
otsys_mpipe_uart.c:595:6:platform_isr_dma1ch5	8	static
otsys_mpipe_uart.c:599:6:platform_isr_dma1ch4	8	static
