stm32l0xx_hal_flash_ex.c:680:16:FLASH_OB_GetUser	0	static
stm32l0xx_hal_flash_ex.c:690:16:FLASH_OB_GetRDP	0	static
stm32l0xx_hal_flash_ex.c:699:16:FLASH_OB_GetBOR	0	static
stm32l0xx_hal_flash_ex.c:709:16:FLASH_OB_GetBOOTBit1	0	static
stm32l0xx_hal_flash_ex.c:720:17:FLASH_OB_GetWRP	0	static
stm32l0xx_hal_flash_ex.c:731:17:FLASH_OB_GetWRP2	0	static
stm32l0xx_hal_flash_ex.c:1003:26:FLASH_OB_ProtectedSectorsConfig	16	static
stm32l0xx_hal_flash_ex.c:803:26:FLASH_OB_RDPConfig	8	static
stm32l0xx_hal_flash_ex.c:754:26:FLASH_OB_UserConfig	8	static
stm32l0xx_hal_flash_ex.c:843:26:FLASH_OB_BORConfig	8	static
stm32l0xx_hal_flash_ex.c:882:26:FLASH_OB_BOOTBit1Config	8	static
stm32l0xx_hal_flash_ex.c:960:26:FLASH_OB_BFB2Config	8	static
stm32l0xx_hal_flash_ex.c:923:26:FLASH_OB_PCROPSelectionConfig	8	static
stm32l0xx_hal_flash_ex.c:159:19:HAL_FLASHEx_Erase	16	static
stm32l0xx_hal_flash_ex.c:224:19:HAL_FLASHEx_Erase_IT	16	static
stm32l0xx_hal_flash_ex.c:309:19:HAL_FLASHEx_OBProgram	8	static
stm32l0xx_hal_flash_ex.c:386:6:HAL_FLASHEx_OBGetConfig	8	static
stm32l0xx_hal_flash_ex.c:418:19:HAL_FLASHEx_AdvOBProgram	8	static
stm32l0xx_hal_flash_ex.c:453:6:HAL_FLASHEx_AdvOBGetConfig	0	static
stm32l0xx_hal_flash_ex.c:480:19:HAL_FLASHEx_OB_SelectPCROP	8	static
stm32l0xx_hal_flash_ex.c:491:19:HAL_FLASHEx_OB_DeSelectPCROP	8	static
stm32l0xx_hal_flash_ex.c:529:19:HAL_FLASHEx_DATAEEPROM_Unlock	0	static
stm32l0xx_hal_flash_ex.c:548:19:HAL_FLASHEx_DATAEEPROM_Lock	0	static
stm32l0xx_hal_flash_ex.c:565:19:HAL_FLASHEx_DATAEEPROM_Erase	8	static
stm32l0xx_hal_flash_ex.c:599:19:HAL_FLASHEx_DATAEEPROM_Program	16	static
stm32l0xx_hal_flash_ex.c:650:6:HAL_FLASHEx_DATAEEPROM_EnableFixedTimeProgram	0	static
stm32l0xx_hal_flash_ex.c:659:6:HAL_FLASHEx_DATAEEPROM_DisableFixedTimeProgram	0	static
