core_main.c:49:6:otapi_exec	8	static
core_main.c:50:6:otapi_preempt	8	static
core_main.c:51:6:otapi_pause	8	static
core_main.c:544:6:sub_voltage_config	0	static
core_main.c:558:6:sub_osc_startup	4	static
core_main.c:594:6:sub_setclocks	12	static
core_main.c:643:6:platform_ext_wakefromstop	8	static
core_main.c:676:6:sub_hsi48on	0	static,ignoring_inline_asm
core_main.c:688:6:sub_hsi48off	0	static
core_main.c:694:6:platform_ext_usbcrson	8	static
core_main.c:711:6:platform_ext_usbcrsoff	8	static
core_main.c:721:6:platform_ext_pllon	0	static
core_main.c:731:6:platform_ext_plloff	0	static
core_main.c:741:6:platform_ext_hsitrim	0	static
core_main.c:750:8:platform_ext_lsihz	0	static
core_main.c:764:10:platform_get_clockhz	0	static
core_main.c:788:8:sysclock_request	0	static
core_main.c:815:8:sysclock_dismiss	0	static
core_main.c:835:6:platform_standard_speed	0	static
core_main.c:875:6:platform_full_speed	8	static,ignoring_inline_asm
core_main.c:930:6:platform_flank_speed	8	static
core_main.c:994:16:platform_disable_interrupts	0	static,ignoring_inline_asm
core_main.c:1001:16:platform_enable_interrupts	0	static,ignoring_inline_asm
core_main.c:1080:6:platform_poweroff	8	static
core_main.c:47:6:otapi_poweroff	8	static
core_main.c:1093:6:platform_init_OT	40	static
core_main.c:48:6:otapi_init	8	static
core_main.c:1170:6:platform_init_busclk	16	static
core_main.c:1245:6:platform_init_periphclk	0	static
core_main.c:1295:6:platform_init_interruptor	0	static
core_main.c:1016:6:platform_poweron	16	static,ignoring_inline_asm
core_main.c:46:6:otapi_poweron	8	static
core_main.c:1417:6:platform_init_gpio	0	static
core_main.c:1429:6:platform_init_watchdog	0	static
core_main.c:1438:6:platform_init_resetswitch	0	static
core_main.c:1446:6:platform_init_memcpy	0	static
