core_gptim.c:67:8:__read_lptim_cnt	0	static
core_gptim.c:79:6:__write_lptim_cmp	0	static
core_gptim.c:91:6:__write_lptim_arr	0	static
core_gptim.c:105:6:platform_isr_lptim1	0	static
core_gptim.c:129:6:platform_isr_rtcwakeup	8	static
core_gptim.c:150:6:systim_init	16	static
core_gptim.c:217:8:systim_get	8	static
core_gptim.c:224:8:systim_next	8	static
core_gptim.c:231:6:systim_enable	0	static
core_gptim.c:236:6:systim_disable	0	static
core_gptim.c:242:6:systim_pend	8	static
core_gptim.c:248:6:systim_flush	8	static
core_gptim.c:253:8:systim_schedule	16	static
core_gptim.c:321:6:sub_enable_wkuptim	0	static
core_gptim.c:339:6:sub_disable_wkuptim	0	static
core_gptim.c:357:6:sub_set_wkuptim	0	static
core_gptim.c:387:6:systim_set_ticker	0	static
core_gptim.c:394:6:systim_stop_ticker	0	static
core_gptim.c:414:6:systim_set_insertion	8	static
core_gptim.c:425:16:systim_enable_insertion	0	static
core_gptim.c:430:16:systim_disable_insertion	8	static
core_gptim.c:453:6:systim_start_clocker	0	static
core_gptim.c:458:6:systim_restart_clocker	8	static
core_gptim.c:462:8:systim_get_clocker	0	static
core_gptim.c:466:6:systim_stop_clocker	0	static
core_gptim.c:481:8:systim_chronstamp	8	static
