io_SX127x.c:279:16:sx127x_resetpin_ishigh	0	static
io_SX127x.c:280:16:sx127x_resetpin_setlow	0	static
io_SX127x.c:281:16:sx127x_resetpin_sethigh	0	static
io_SX127x.c:285:16:sx127x_readypin_ishigh	0	static
io_SX127x.c:289:16:sx127x_cadpin_ishigh	0	static
io_SX127x.c:296:7:sx127x_getbasepwr	0	static
io_SX127x.c:306:6:sx127x_reset	8	static
io_SX127x.c:330:6:sx127x_init_bus	8	static
io_SX127x.c:412:6:sx127x_spibus_wait	0	static
io_SX127x.c:420:6:sx127x_spibus_io	16	static
io_SX127x.c:495:6:sx127x_antsw_off	0	static
io_SX127x.c:501:6:sx127x_antsw_on	0	static
io_SX127x.c:507:6:sx127x_antsw_tx	0	static
io_SX127x.c:514:6:sx127x_antsw_rx	0	static
io_SX127x.c:524:6:sx127x_int_config	0	static
io_SX127x.c:533:13:sx127x_int_clearall	0	static
io_SX127x.c:537:13:sx127x_int_force	0	static
io_SX127x.c:541:13:sx127x_int_turnon	0	static
io_SX127x.c:545:13:sx127x_int_turnoff	0	static
io_SX127x.c:553:6:sx127x_wfe	8	static,ignoring_inline_asm
