otsys_veelite_SRAM.c:108:9:vas_check	0	static
otsys_veelite_SRAM.c:129:7:vworm_format	0	static
otsys_veelite_SRAM.c:136:8:vworm_fsalloc	0	static
otsys_veelite_SRAM.c:155:7:vworm_init	8	static
otsys_veelite_SRAM.c:163:6:vworm_print_table	0	static
otsys_veelite_SRAM.c:170:7:vworm_save	16	static
otsys_veelite_SRAM.c:209:8:vworm_read	0	static
otsys_veelite_SRAM.c:221:7:vworm_write	0	static
otsys_veelite_SRAM.c:234:7:vworm_mark	8	static
otsys_veelite_SRAM.c:242:7:vworm_mark_physical	0	static
otsys_veelite_SRAM.c:254:8:vworm_get	0	static
otsys_veelite_SRAM.c:261:7:vworm_wipeblock	0	static
otsys_veelite_SRAM.c:276:8:vsram_read	8	static
otsys_veelite_SRAM.c:282:7:vsram_mark	8	static
otsys_veelite_SRAM.c:288:7:vsram_mark_physical	8	static
otsys_veelite_SRAM.c:294:8:vsram_get	8	static
