otsys_mpipe_uart.c:431:6:sub_mpipe_open	0	static
otsys_mpipe_uart.c:442:6:sub_mpipe_close	0	static
otsys_mpipe_uart.c:480:6:mpipe_rxsync_isr	8	static
otsys_mpipe_uart.c:576:7:mpipedrv_footerbytes	0	static
otsys_mpipe_uart.c:583:8:mpipedrv_init	16	static
otsys_mpipe_uart.c:634:7:mpipedrv_getpwrcode	0	static
otsys_mpipe_uart.c:642:6:mpipedrv_standby	0	static
otsys_mpipe_uart.c:648:6:mpipedrv_detach	0	static
otsys_mpipe_uart.c:654:6:mpipedrv_clear	0	static
otsys_mpipe_uart.c:661:6:mpipedrv_block	0	static
otsys_mpipe_uart.c:669:6:mpipedrv_unblock	0	static
otsys_mpipe_uart.c:678:6:mpipedrv_kill	8	static
otsys_mpipe_uart.c:690:6:mpipedrv_wait	0	static
otsys_mpipe_uart.c:699:6:sub_txopen	16	static,ignoring_inline_asm
otsys_mpipe_uart.c:725:6:sub_txcont	0	static
otsys_mpipe_uart.c:740:8:mpipedrv_tx	24	static
otsys_mpipe_uart.c:793:8:mpipedrv_txsync	8	static
otsys_mpipe_uart.c:808:6:mpipedrv_rx	8	static
otsys_mpipe_uart.c:494:6:platform_isr_usart2	8	static
otsys_mpipe_uart.c:829:6:mpipedrv_isr	16	static,ignoring_inline_asm
otsys_mpipe_uart.c:547:6:platform_isr_dma1ch6	8	static
otsys_mpipe_uart.c:551:6:platform_isr_dma1ch7	8	static
