sysqueue.c:70:12:sub_storenode	0	static
sysqueue.c:76:12:sub_storenode_fromargs	0	static
sysqueue.c:92:6:sq_init	0	static
sysqueue.c:117:16:sq_activate_cnt32	0	static
sysqueue.c:109:17:sq_activate	8	static
sysqueue.c:136:14:sq_clock	4	static
sysqueue.c:149:14:sq_clock_cnt32	4	static
sysqueue.c:172:20:sq_new	32	static
sysqueue.c:239:20:sq_new_fromcnt32	16	static
sysqueue.c:249:20:sq_new_fromargs	8	static
sysqueue.c:273:20:sq_extend	24	static
sysqueue.c:307:20:sq_extend_fromcnt32	16	static
sysqueue.c:317:20:sq_extend_fromargs	8	static
sysqueue.c:334:20:sq_pop	0	static
sysqueue.c:346:14:sq_clear	0	static
sysqueue.c:353:14:sq_flush	24	static
sysqueue.c:403:20:sq_top	0	static
sysqueue.c:409:20:sq_follower	0	static
sysqueue.c:415:16:sq_numfree	0	static
sysqueue.c:422:17:sq_notempty	0	static
