/Users/jpnbook/Sync/Repository/OpenTag/platform/stm32wl55_m0/stm32wlxx_hal_1.11.0/stm32wlxx_ll_utils.c:648:17:UTILS_GetPLLOutputFrequency	8	static
/Users/jpnbook/Sync/Repository/OpenTag/platform/stm32wl55_m0/stm32wlxx_hal_1.11.0/stm32wlxx_ll_utils.c:678:20:UTILS_PLL_IsBusy	0	static
/Users/jpnbook/Sync/Repository/OpenTag/platform/stm32wl55_m0/stm32wlxx_hal_1.11.0/stm32wlxx_ll_utils.c:169:8:LL_Init1msTick	8	static
/Users/jpnbook/Sync/Repository/OpenTag/platform/stm32wl55_m0/stm32wlxx_hal_1.11.0/stm32wlxx_ll_utils.c:186:6:LL_mDelay	8	static
/Users/jpnbook/Sync/Repository/OpenTag/platform/stm32wl55_m0/stm32wlxx_hal_1.11.0/stm32wlxx_ll_utils.c:263:6:LL_SetSystemCoreClock	0	static
/Users/jpnbook/Sync/Repository/OpenTag/platform/stm32wl55_m0/stm32wlxx_hal_1.11.0/stm32wlxx_ll_utils.c:278:13:LL_SetFlashLatency	56	static
/Users/jpnbook/Sync/Repository/OpenTag/platform/stm32wl55_m0/stm32wlxx_hal_1.11.0/stm32wlxx_ll_utils.c:700:20:UTILS_EnablePLLAndSwitchSystem	24	static
/Users/jpnbook/Sync/Repository/OpenTag/platform/stm32wl55_m0/stm32wlxx_hal_1.11.0/stm32wlxx_ll_utils.c:375:13:LL_PLL_ConfigSystemClock_MSI	24	static
/Users/jpnbook/Sync/Repository/OpenTag/platform/stm32wl55_m0/stm32wlxx_hal_1.11.0/stm32wlxx_ll_utils.c:499:13:LL_PLL_ConfigSystemClock_HSI	24	static
/Users/jpnbook/Sync/Repository/OpenTag/platform/stm32wl55_m0/stm32wlxx_hal_1.11.0/stm32wlxx_ll_utils.c:571:13:LL_PLL_ConfigSystemClock_HSE	24	static
