/Users/jpnbook/Sync/Repository/OpenTag/platform/stm32wl55_m0/stm32wlxx_hal_1.11.0/stm32wlxx_hal_rcc_ex.c:1116:17:RCC_PLL_GetFreqDomain_P	8	static
/Users/jpnbook/Sync/Repository/OpenTag/platform/stm32wl55_m0/stm32wlxx_hal_1.11.0/stm32wlxx_hal_rcc_ex.c:1166:17:RCC_PLL_GetFreqDomain_Q	16	static
/Users/jpnbook/Sync/Repository/OpenTag/platform/stm32wl55_m0/stm32wlxx_hal_1.11.0/stm32wlxx_hal_rcc_ex.c:114:19:HAL_RCCEx_PeriphCLKConfig	24	static
/Users/jpnbook/Sync/Repository/OpenTag/platform/stm32wl55_m0/stm32wlxx_hal_1.11.0/stm32wlxx_hal_rcc_ex.c:346:6:HAL_RCCEx_GetPeriphCLKConfig	24	static
/Users/jpnbook/Sync/Repository/OpenTag/platform/stm32wl55_m0/stm32wlxx_hal_1.11.0/stm32wlxx_hal_rcc_ex.c:417:10:HAL_RCCEx_GetPeriphCLKFreq	8	static
/Users/jpnbook/Sync/Repository/OpenTag/platform/stm32wl55_m0/stm32wlxx_hal_1.11.0/stm32wlxx_hal_rcc_ex.c:929:6:HAL_RCCEx_WakeUpStopCLKConfig	0	static
/Users/jpnbook/Sync/Repository/OpenTag/platform/stm32wl55_m0/stm32wlxx_hal_1.11.0/stm32wlxx_hal_rcc_ex.c:943:6:HAL_RCCEx_EnableLSECSS	0	static
/Users/jpnbook/Sync/Repository/OpenTag/platform/stm32wl55_m0/stm32wlxx_hal_1.11.0/stm32wlxx_hal_rcc_ex.c:953:6:HAL_RCCEx_DisableLSECSS	0	static
/Users/jpnbook/Sync/Repository/OpenTag/platform/stm32wl55_m0/stm32wlxx_hal_1.11.0/stm32wlxx_hal_rcc_ex.c:969:6:HAL_RCCEx_EnableLSECSS_IT	0	static
/Users/jpnbook/Sync/Repository/OpenTag/platform/stm32wl55_m0/stm32wlxx_hal_1.11.0/stm32wlxx_hal_rcc_ex.c:1004:13:HAL_RCCEx_LSECSS_Callback	0	static
/Users/jpnbook/Sync/Repository/OpenTag/platform/stm32wl55_m0/stm32wlxx_hal_1.11.0/stm32wlxx_hal_rcc_ex.c:989:6:HAL_RCCEx_LSECSS_IRQHandler	8	static
/Users/jpnbook/Sync/Repository/OpenTag/platform/stm32wl55_m0/stm32wlxx_hal_1.11.0/stm32wlxx_hal_rcc_ex.c:1019:6:HAL_RCCEx_EnableLSCO	40	static
/Users/jpnbook/Sync/Repository/OpenTag/platform/stm32wl55_m0/stm32wlxx_hal_1.11.0/stm32wlxx_hal_rcc_ex.c:1057:6:HAL_RCCEx_DisableLSCO	8	static
/Users/jpnbook/Sync/Repository/OpenTag/platform/stm32wl55_m0/stm32wlxx_hal_1.11.0/stm32wlxx_hal_rcc_ex.c:1084:6:HAL_RCCEx_EnableMSIPLLMode	0	static
/Users/jpnbook/Sync/Repository/OpenTag/platform/stm32wl55_m0/stm32wlxx_hal_1.11.0/stm32wlxx_hal_rcc_ex.c:1094:6:HAL_RCCEx_DisableMSIPLLMode	0	static
