/Users/jpnbook/Sync/Repository/OpenTag/platform/stm32wl55_m0/stm32wlxx_hal_1.11.0/stm32wlxx_hal_pwr_ex.c:84:10:HAL_PWREx_GetVoltageRange	0	static
/Users/jpnbook/Sync/Repository/OpenTag/platform/stm32wl55_m0/stm32wlxx_hal_1.11.0/stm32wlxx_hal_pwr_ex.c:109:19:HAL_PWREx_ControlVoltageScaling	8	static
/Users/jpnbook/Sync/Repository/OpenTag/platform/stm32wl55_m0/stm32wlxx_hal_1.11.0/stm32wlxx_hal_pwr_ex.c:159:6:HAL_PWREx_EnableBatteryCharging	0	static
/Users/jpnbook/Sync/Repository/OpenTag/platform/stm32wl55_m0/stm32wlxx_hal_1.11.0/stm32wlxx_hal_pwr_ex.c:174:6:HAL_PWREx_DisableBatteryCharging	0	static
/Users/jpnbook/Sync/Repository/OpenTag/platform/stm32wl55_m0/stm32wlxx_hal_1.11.0/stm32wlxx_hal_pwr_ex.c:185:6:HAL_PWREx_EnableInternalWakeUpLine	0	static
/Users/jpnbook/Sync/Repository/OpenTag/platform/stm32wl55_m0/stm32wlxx_hal_1.11.0/stm32wlxx_hal_pwr_ex.c:198:6:HAL_PWREx_DisableInternalWakeUpLine	0	static
/Users/jpnbook/Sync/Repository/OpenTag/platform/stm32wl55_m0/stm32wlxx_hal_1.11.0/stm32wlxx_hal_pwr_ex.c:214:6:HAL_PWREx_SetRadioBusyPolarity	0	static
/Users/jpnbook/Sync/Repository/OpenTag/platform/stm32wl55_m0/stm32wlxx_hal_1.11.0/stm32wlxx_hal_pwr_ex.c:232:6:HAL_PWREx_SetRadioBusyTrigger	8	static
/Users/jpnbook/Sync/Repository/OpenTag/platform/stm32wl55_m0/stm32wlxx_hal_1.11.0/stm32wlxx_hal_pwr_ex.c:252:6:HAL_PWREx_SetRadioIRQTrigger	8	static
/Users/jpnbook/Sync/Repository/OpenTag/platform/stm32wl55_m0/stm32wlxx_hal_1.11.0/stm32wlxx_hal_pwr_ex.c:269:6:HAL_PWREx_EnableHOLDC2IT	0	static
/Users/jpnbook/Sync/Repository/OpenTag/platform/stm32wl55_m0/stm32wlxx_hal_1.11.0/stm32wlxx_hal_pwr_ex.c:278:6:HAL_PWREx_DisableHOLDC2IT	0	static
/Users/jpnbook/Sync/Repository/OpenTag/platform/stm32wl55_m0/stm32wlxx_hal_1.11.0/stm32wlxx_hal_pwr_ex.c:307:19:HAL_PWREx_EnableGPIOPullUp	0	static
/Users/jpnbook/Sync/Repository/OpenTag/platform/stm32wl55_m0/stm32wlxx_hal_1.11.0/stm32wlxx_hal_pwr_ex.c:355:19:HAL_PWREx_DisableGPIOPullUp	0	static
/Users/jpnbook/Sync/Repository/OpenTag/platform/stm32wl55_m0/stm32wlxx_hal_1.11.0/stm32wlxx_hal_pwr_ex.c:405:19:HAL_PWREx_EnableGPIOPullDown	0	static
/Users/jpnbook/Sync/Repository/OpenTag/platform/stm32wl55_m0/stm32wlxx_hal_1.11.0/stm32wlxx_hal_pwr_ex.c:453:19:HAL_PWREx_DisableGPIOPullDown	0	static
/Users/jpnbook/Sync/Repository/OpenTag/platform/stm32wl55_m0/stm32wlxx_hal_1.11.0/stm32wlxx_hal_pwr_ex.c:492:6:HAL_PWREx_EnablePullUpPullDownConfig	0	static
/Users/jpnbook/Sync/Repository/OpenTag/platform/stm32wl55_m0/stm32wlxx_hal_1.11.0/stm32wlxx_hal_pwr_ex.c:507:6:HAL_PWREx_DisablePullUpPullDownConfig	0	static
/Users/jpnbook/Sync/Repository/OpenTag/platform/stm32wl55_m0/stm32wlxx_hal_1.11.0/stm32wlxx_hal_pwr_ex.c:527:6:HAL_PWREx_HoldCore	0	static
/Users/jpnbook/Sync/Repository/OpenTag/platform/stm32wl55_m0/stm32wlxx_hal_1.11.0/stm32wlxx_hal_pwr_ex.c:542:6:HAL_PWREx_ReleaseCore	0	static
/Users/jpnbook/Sync/Repository/OpenTag/platform/stm32wl55_m0/stm32wlxx_hal_1.11.0/stm32wlxx_hal_pwr_ex.c:557:6:HAL_PWREx_EnableWakeUp_ILAC	0	static
/Users/jpnbook/Sync/Repository/OpenTag/platform/stm32wl55_m0/stm32wlxx_hal_1.11.0/stm32wlxx_hal_pwr_ex.c:567:6:HAL_PWREx_DisableWakeUp_ILAC	0	static
/Users/jpnbook/Sync/Repository/OpenTag/platform/stm32wl55_m0/stm32wlxx_hal_1.11.0/stm32wlxx_hal_pwr_ex.c:578:10:HAL_PWREx_IsEnabledWakeUp_ILAC	0	static
/Users/jpnbook/Sync/Repository/OpenTag/platform/stm32wl55_m0/stm32wlxx_hal_1.11.0/stm32wlxx_hal_pwr_ex.c:592:6:HAL_PWREx_EnableSRAMRetention	0	static
/Users/jpnbook/Sync/Repository/OpenTag/platform/stm32wl55_m0/stm32wlxx_hal_1.11.0/stm32wlxx_hal_pwr_ex.c:603:6:HAL_PWREx_DisableSRAMRetention	0	static
/Users/jpnbook/Sync/Repository/OpenTag/platform/stm32wl55_m0/stm32wlxx_hal_1.11.0/stm32wlxx_hal_pwr_ex.c:619:6:HAL_PWREx_EnableFlashPowerDown	0	static
/Users/jpnbook/Sync/Repository/OpenTag/platform/stm32wl55_m0/stm32wlxx_hal_1.11.0/stm32wlxx_hal_pwr_ex.c:654:6:HAL_PWREx_DisableFlashPowerDown	0	static
/Users/jpnbook/Sync/Repository/OpenTag/platform/stm32wl55_m0/stm32wlxx_hal_1.11.0/stm32wlxx_hal_pwr_ex.c:674:6:HAL_PWREx_EnableWPVD	0	static
/Users/jpnbook/Sync/Repository/OpenTag/platform/stm32wl55_m0/stm32wlxx_hal_1.11.0/stm32wlxx_hal_pwr_ex.c:687:6:HAL_PWREx_DisableWPVD	0	static
/Users/jpnbook/Sync/Repository/OpenTag/platform/stm32wl55_m0/stm32wlxx_hal_1.11.0/stm32wlxx_hal_pwr_ex.c:704:6:HAL_PWREx_EnableBORPVD_ULP	0	static
/Users/jpnbook/Sync/Repository/OpenTag/platform/stm32wl55_m0/stm32wlxx_hal_1.11.0/stm32wlxx_hal_pwr_ex.c:716:6:HAL_PWREx_DisableBORPVD_ULP	0	static
/Users/jpnbook/Sync/Repository/OpenTag/platform/stm32wl55_m0/stm32wlxx_hal_1.11.0/stm32wlxx_hal_pwr_ex.c:727:6:HAL_PWREx_EnablePVM3	0	static
/Users/jpnbook/Sync/Repository/OpenTag/platform/stm32wl55_m0/stm32wlxx_hal_1.11.0/stm32wlxx_hal_pwr_ex.c:736:6:HAL_PWREx_DisablePVM3	0	static
/Users/jpnbook/Sync/Repository/OpenTag/platform/stm32wl55_m0/stm32wlxx_hal_1.11.0/stm32wlxx_hal_pwr_ex.c:753:19:HAL_PWREx_ConfigPVM	8	static
/Users/jpnbook/Sync/Repository/OpenTag/platform/stm32wl55_m0/stm32wlxx_hal_1.11.0/stm32wlxx_hal_pwr_ex.c:809:6:HAL_PWREx_SetRadioEOL	0	static
/Users/jpnbook/Sync/Repository/OpenTag/platform/stm32wl55_m0/stm32wlxx_hal_1.11.0/stm32wlxx_hal_pwr_ex.c:824:6:HAL_PWREx_SMPS_SetMode	0	static
/Users/jpnbook/Sync/Repository/OpenTag/platform/stm32wl55_m0/stm32wlxx_hal_1.11.0/stm32wlxx_hal_pwr_ex.c:840:10:HAL_PWREx_SMPS_GetEffectiveMode	0	static
/Users/jpnbook/Sync/Repository/OpenTag/platform/stm32wl55_m0/stm32wlxx_hal_1.11.0/stm32wlxx_hal_pwr_ex.c:855:6:HAL_PWREx_EnableLowPowerRunMode	0	static
/Users/jpnbook/Sync/Repository/OpenTag/platform/stm32wl55_m0/stm32wlxx_hal_1.11.0/stm32wlxx_hal_pwr_ex.c:869:19:HAL_PWREx_DisableLowPowerRunMode	8	static
/Users/jpnbook/Sync/Repository/OpenTag/platform/stm32wl55_m0/stm32wlxx_hal_1.11.0/stm32wlxx_hal_pwr_ex.c:916:6:HAL_PWREx_EnterSTOP0Mode	8	static,ignoring_inline_asm
/Users/jpnbook/Sync/Repository/OpenTag/platform/stm32wl55_m0/stm32wlxx_hal_1.11.0/stm32wlxx_hal_pwr_ex.c:975:6:HAL_PWREx_EnterSTOP1Mode	8	static,ignoring_inline_asm
/Users/jpnbook/Sync/Repository/OpenTag/platform/stm32wl55_m0/stm32wlxx_hal_1.11.0/stm32wlxx_hal_pwr_ex.c:1034:6:HAL_PWREx_EnterSTOP2Mode	8	static,ignoring_inline_asm
/Users/jpnbook/Sync/Repository/OpenTag/platform/stm32wl55_m0/stm32wlxx_hal_1.11.0/stm32wlxx_hal_pwr_ex.c:1079:6:HAL_PWREx_EnterSHUTDOWNMode	0	static,ignoring_inline_asm
/Users/jpnbook/Sync/Repository/OpenTag/platform/stm32wl55_m0/stm32wlxx_hal_1.11.0/stm32wlxx_hal_pwr_ex.c:1140:13:HAL_PWREx_PVM3Callback	0	static
/Users/jpnbook/Sync/Repository/OpenTag/platform/stm32wl55_m0/stm32wlxx_hal_1.11.0/stm32wlxx_hal_pwr_ex.c:1114:6:HAL_PWREx_PVD_PVM_IRQHandler	8	static
