/Users/jpnbook/Sync/Repository/OpenTag/platform/stm32wl55_m0/stm32wlxx_hal_1.11.0/stm32wlxx_hal.c:229:13:HAL_MspInit	0	static
/Users/jpnbook/Sync/Repository/OpenTag/platform/stm32wl55_m0/stm32wlxx_hal_1.11.0/stm32wlxx_hal.c:240:13:HAL_MspDeInit	0	static
/Users/jpnbook/Sync/Repository/OpenTag/platform/stm32wl55_m0/stm32wlxx_hal_1.11.0/stm32wlxx_hal.c:197:19:HAL_DeInit	8	static
/Users/jpnbook/Sync/Repository/OpenTag/platform/stm32wl55_m0/stm32wlxx_hal_1.11.0/stm32wlxx_hal.c:263:26:HAL_InitTick	16	static
/Users/jpnbook/Sync/Repository/OpenTag/platform/stm32wl55_m0/stm32wlxx_hal_1.11.0/stm32wlxx_hal.c:141:19:HAL_Init	8	static
/Users/jpnbook/Sync/Repository/OpenTag/platform/stm32wl55_m0/stm32wlxx_hal_1.11.0/stm32wlxx_hal.c:336:13:HAL_IncTick	0	static
/Users/jpnbook/Sync/Repository/OpenTag/platform/stm32wl55_m0/stm32wlxx_hal_1.11.0/stm32wlxx_hal.c:347:17:HAL_GetTick	0	static
/Users/jpnbook/Sync/Repository/OpenTag/platform/stm32wl55_m0/stm32wlxx_hal_1.11.0/stm32wlxx_hal.c:356:10:HAL_GetTickPrio	0	static
/Users/jpnbook/Sync/Repository/OpenTag/platform/stm32wl55_m0/stm32wlxx_hal_1.11.0/stm32wlxx_hal.c:365:19:HAL_SetTickFreq	8	static
/Users/jpnbook/Sync/Repository/OpenTag/platform/stm32wl55_m0/stm32wlxx_hal_1.11.0/stm32wlxx_hal.c:396:21:HAL_GetTickFreq	0	static
/Users/jpnbook/Sync/Repository/OpenTag/platform/stm32wl55_m0/stm32wlxx_hal_1.11.0/stm32wlxx_hal.c:412:13:HAL_Delay	16	static
/Users/jpnbook/Sync/Repository/OpenTag/platform/stm32wl55_m0/stm32wlxx_hal_1.11.0/stm32wlxx_hal.c:439:13:HAL_SuspendTick	0	static
/Users/jpnbook/Sync/Repository/OpenTag/platform/stm32wl55_m0/stm32wlxx_hal_1.11.0/stm32wlxx_hal.c:455:13:HAL_ResumeTick	0	static
/Users/jpnbook/Sync/Repository/OpenTag/platform/stm32wl55_m0/stm32wlxx_hal_1.11.0/stm32wlxx_hal.c:465:10:HAL_GetHalVersion	0	static
/Users/jpnbook/Sync/Repository/OpenTag/platform/stm32wl55_m0/stm32wlxx_hal_1.11.0/stm32wlxx_hal.c:495:10:HAL_GetUIDw0	0	static
/Users/jpnbook/Sync/Repository/OpenTag/platform/stm32wl55_m0/stm32wlxx_hal_1.11.0/stm32wlxx_hal.c:504:10:HAL_GetUIDw1	0	static
/Users/jpnbook/Sync/Repository/OpenTag/platform/stm32wl55_m0/stm32wlxx_hal_1.11.0/stm32wlxx_hal.c:513:10:HAL_GetUIDw2	0	static
/Users/jpnbook/Sync/Repository/OpenTag/platform/stm32wl55_m0/stm32wlxx_hal_1.11.0/stm32wlxx_hal.c:626:6:HAL_SYSCFG_SRAM2Erase	0	static
/Users/jpnbook/Sync/Repository/OpenTag/platform/stm32wl55_m0/stm32wlxx_hal_1.11.0/stm32wlxx_hal.c:677:6:HAL_SYSCFG_VREFBUF_HighImpedanceConfig	0	static
/Users/jpnbook/Sync/Repository/OpenTag/platform/stm32wl55_m0/stm32wlxx_hal_1.11.0/stm32wlxx_hal.c:698:6:HAL_SYSCFG_VREFBUF_TrimmingConfig	0	static
/Users/jpnbook/Sync/Repository/OpenTag/platform/stm32wl55_m0/stm32wlxx_hal_1.11.0/stm32wlxx_hal.c:646:6:HAL_SYSCFG_VREFBUF_VoltageScalingConfig	8	static
/Users/jpnbook/Sync/Repository/OpenTag/platform/stm32wl55_m0/stm32wlxx_hal_1.11.0/stm32wlxx_hal.c:711:19:HAL_SYSCFG_EnableVREFBUF	8	static
/Users/jpnbook/Sync/Repository/OpenTag/platform/stm32wl55_m0/stm32wlxx_hal_1.11.0/stm32wlxx_hal.c:737:6:HAL_SYSCFG_DisableVREFBUF	0	static
/Users/jpnbook/Sync/Repository/OpenTag/platform/stm32wl55_m0/stm32wlxx_hal_1.11.0/stm32wlxx_hal.c:747:6:HAL_SYSCFG_EnableIOAnalogSwitchBooster	0	static
/Users/jpnbook/Sync/Repository/OpenTag/platform/stm32wl55_m0/stm32wlxx_hal_1.11.0/stm32wlxx_hal.c:757:6:HAL_SYSCFG_DisableIOAnalogSwitchBooster	0	static
/Users/jpnbook/Sync/Repository/OpenTag/platform/stm32wl55_m0/stm32wlxx_hal_1.11.0/stm32wlxx_hal.c:771:6:HAL_SYSCFG_EnableIT	8	static
/Users/jpnbook/Sync/Repository/OpenTag/platform/stm32wl55_m0/stm32wlxx_hal_1.11.0/stm32wlxx_hal.c:797:6:HAL_SYSCFG_DisableIT	8	static
