/Users/jpnbook/Sync/Repository/OpenTag/platform/stm32wl55_m0/stm32wlxx_hal_1.11.0/stm32wlxx_hal_flash.c:682:13:FLASH_Program_DoubleWord	12	static,ignoring_inline_asm
/Users/jpnbook/Sync/Repository/OpenTag/platform/stm32wl55_m0/stm32wlxx_hal_1.11.0/stm32wlxx_hal_flash.c:710:24:FLASH_Program_Fast	8	static,ignoring_inline_asm
/Users/jpnbook/Sync/Repository/OpenTag/platform/stm32wl55_m0/stm32wlxx_hal_1.11.0/stm32wlxx_hal_flash.c:409:13:HAL_FLASH_EndOfOperationCallback	0	static
/Users/jpnbook/Sync/Repository/OpenTag/platform/stm32wl55_m0/stm32wlxx_hal_1.11.0/stm32wlxx_hal_flash.c:427:13:HAL_FLASH_OperationErrorCallback	0	static
/Users/jpnbook/Sync/Repository/OpenTag/platform/stm32wl55_m0/stm32wlxx_hal_1.11.0/stm32wlxx_hal_flash.c:304:6:HAL_FLASH_IRQHandler	16	static
/Users/jpnbook/Sync/Repository/OpenTag/platform/stm32wl55_m0/stm32wlxx_hal_1.11.0/stm32wlxx_hal_flash.c:460:19:HAL_FLASH_Unlock	0	static
/Users/jpnbook/Sync/Repository/OpenTag/platform/stm32wl55_m0/stm32wlxx_hal_1.11.0/stm32wlxx_hal_flash.c:484:19:HAL_FLASH_Lock	0	static
/Users/jpnbook/Sync/Repository/OpenTag/platform/stm32wl55_m0/stm32wlxx_hal_1.11.0/stm32wlxx_hal_flash.c:505:19:HAL_FLASH_OB_Unlock	0	static
/Users/jpnbook/Sync/Repository/OpenTag/platform/stm32wl55_m0/stm32wlxx_hal_1.11.0/stm32wlxx_hal_flash.c:530:19:HAL_FLASH_OB_Lock	0	static
/Users/jpnbook/Sync/Repository/OpenTag/platform/stm32wl55_m0/stm32wlxx_hal_1.11.0/stm32wlxx_hal_flash.c:551:19:HAL_FLASH_OB_Launch	0	static
/Users/jpnbook/Sync/Repository/OpenTag/platform/stm32wl55_m0/stm32wlxx_hal_1.11.0/stm32wlxx_hal_flash.c:595:10:HAL_FLASH_GetError	0	static
/Users/jpnbook/Sync/Repository/OpenTag/platform/stm32wl55_m0/stm32wlxx_hal_1.11.0/stm32wlxx_hal_flash.c:619:19:FLASH_WaitForLastOperation	16	static
/Users/jpnbook/Sync/Repository/OpenTag/platform/stm32wl55_m0/stm32wlxx_hal_1.11.0/stm32wlxx_hal_flash.c:178:19:HAL_FLASH_Program	24	static
/Users/jpnbook/Sync/Repository/OpenTag/platform/stm32wl55_m0/stm32wlxx_hal_1.11.0/stm32wlxx_hal_flash.c:246:19:HAL_FLASH_Program_IT	32	static
