/Users/jpnbook/Sync/Repository/OpenTag/platform/stm32wl55_m0/stm32wlxx_hal_1.11.0/stm32wlxx_hal_cortex.c:158:6:HAL_NVIC_SetPriority	16	static
/Users/jpnbook/Sync/Repository/OpenTag/platform/stm32wl55_m0/stm32wlxx_hal_1.11.0/stm32wlxx_hal_cortex.c:231:6:HAL_NVIC_EnableIRQ	0	static,ignoring_inline_asm
/Users/jpnbook/Sync/Repository/OpenTag/platform/stm32wl55_m0/stm32wlxx_hal_1.11.0/stm32wlxx_hal_cortex.c:248:6:HAL_NVIC_DisableIRQ	0	static,ignoring_inline_asm
/Users/jpnbook/Sync/Repository/OpenTag/platform/stm32wl55_m0/stm32wlxx_hal_1.11.0/stm32wlxx_hal_cortex.c:261:6:HAL_NVIC_SystemReset	0	static,ignoring_inline_asm
/Users/jpnbook/Sync/Repository/OpenTag/platform/stm32wl55_m0/stm32wlxx_hal_1.11.0/stm32wlxx_hal_cortex.c:274:10:HAL_SYSTICK_Config	0	static
/Users/jpnbook/Sync/Repository/OpenTag/platform/stm32wl55_m0/stm32wlxx_hal_1.11.0/stm32wlxx_hal_cortex.c:307:10:HAL_NVIC_GetPriority	0	static
/Users/jpnbook/Sync/Repository/OpenTag/platform/stm32wl55_m0/stm32wlxx_hal_1.11.0/stm32wlxx_hal_cortex.c:379:6:HAL_NVIC_SetPendingIRQ	0	static
/Users/jpnbook/Sync/Repository/OpenTag/platform/stm32wl55_m0/stm32wlxx_hal_1.11.0/stm32wlxx_hal_cortex.c:398:10:HAL_NVIC_GetPendingIRQ	0	static
/Users/jpnbook/Sync/Repository/OpenTag/platform/stm32wl55_m0/stm32wlxx_hal_1.11.0/stm32wlxx_hal_cortex.c:415:6:HAL_NVIC_ClearPendingIRQ	0	static
/Users/jpnbook/Sync/Repository/OpenTag/platform/stm32wl55_m0/stm32wlxx_hal_1.11.0/stm32wlxx_hal_cortex.c:432:6:HAL_SYSTICK_CLKSourceConfig	0	static
/Users/jpnbook/Sync/Repository/OpenTag/platform/stm32wl55_m0/stm32wlxx_hal_1.11.0/stm32wlxx_hal_cortex.c:459:13:HAL_SYSTICK_Callback	0	static
/Users/jpnbook/Sync/Repository/OpenTag/platform/stm32wl55_m0/stm32wlxx_hal_1.11.0/stm32wlxx_hal_cortex.c:450:6:HAL_SYSTICK_IRQHandler	8	static
/Users/jpnbook/Sync/Repository/OpenTag/platform/stm32wl55_m0/stm32wlxx_hal_1.11.0/stm32wlxx_hal_cortex.c:479:6:HAL_MPU_Enable	0	static,ignoring_inline_asm
/Users/jpnbook/Sync/Repository/OpenTag/platform/stm32wl55_m0/stm32wlxx_hal_1.11.0/stm32wlxx_hal_cortex.c:494:6:HAL_MPU_Disable	0	static,ignoring_inline_asm
/Users/jpnbook/Sync/Repository/OpenTag/platform/stm32wl55_m0/stm32wlxx_hal_1.11.0/stm32wlxx_hal_cortex.c:510:6:HAL_MPU_ConfigRegion	0	static
