network.c:86:14:network_init	0	static
network.c:135:14:network_mark_ff	0	static
network.c:456:6:m2np_put_deviceid	8	static
network.c:336:6:m2np_header	16	static
network.c:463:9:m2np_idcmp	12	static
network.c:495:14:m2np_footer	8	static
network.c:148:8:network_route_ff	16	static
network.c:589:20:m2advp_parse	16	static
network.c:642:14:m2advp_open	16	static
network.c:666:14:m2advp_update	0	static
network.c:680:14:m2advp_close	0	static
network.c:702:12:m2tgram_parse	8	static
network.c:102:20:network_parse_bf	8	static
network.c:734:14:m2dp_append	0	static
network.c:744:14:m2dp_footer	8	static
