radio_rm2.c:591:6:sub_initcad	8	static
radio_rm2.c:191:14:radio_init	8	static
radio_rm2.c:242:14:radio_set_mactimer	8	static
radio_rm2.c:252:14:radio_activate_queue	0	static
radio_rm2.c:264:15:radio_buffer	0	static
radio_rm2.c:282:17:rm2_clip_txeirp	8	static
radio_rm2.c:286:17:rm2_calc_rssithr	8	static
radio_rm2.c:299:7:sub_modemconfig2_baseval	0	static
radio_rm2.c:336:9:rm2_channel_fastcheck	0	static
radio_rm2.c:352:14:rm2_enter_channel	16	static
radio_rm2.c:471:14:rm2_mac_configure	0	static
radio_rm2.c:479:14:rm2_calc_link	8	static
radio_rm2.c:497:16:rm2_flood_getcounter	8	static
radio_rm2.c:511:14:rm2_flood_txstop	8	static
radio_rm2.c:523:14:rm2_flood_txstart	8	static
radio_rm2.c:801:14:rm2_rxsync_isr	8	static
radio_rm2.c:964:14:rm2_txinit	8	static
radio_rm2.c:1034:14:rm2_resend	8	static
radio_rm2.c:1056:9:sub_cca_isfail	8	static
radio_rm2.c:1247:6:sx127xdrv_null	0	static
radio_rm2.c:1251:14:sx127xdrv_buffer_config	16	static
radio_rm2.c:748:14:rm2_rxtest	8	static
radio_rm2.c:1294:14:sx127xdrv_save_linkinfo	0	static
radio_rm2.c:1321:14:radio_gag	8	static
radio_rm2.c:225:14:radio_finish	16	static
radio_rm2.c:543:6:sub_hwtimeout_isr	8	static
radio_rm2.c:656:14:rm2_rxinit	16	static
radio_rm2.c:900:6:rm2_decode_s2	8	static
radio_rm2.c:564:14:rm2_rxtimeout_isr	8	static
radio_rm2.c:876:14:rm2_rxend_isr	8	static
radio_rm2.c:1328:14:radio_ungag	8	static
radio_rm2.c:1336:14:radio_sleep	8	static
radio_rm2.c:1314:14:radio_off	8	static
radio_rm2.c:1354:14:radio_idle	8	static
radio_rm2.c:530:14:rm2_kill	8	static
radio_rm2.c:1045:6:sub_cad_csma	8	static
radio_rm2.c:1202:14:rm2_txdata_isr	8	static
radio_rm2.c:1371:14:radio_putbyte	8	static
radio_rm2.c:1377:14:radio_putfourbytes	0	static
radio_rm2.c:1383:15:radio_getbyte	8	static
radio_rm2.c:1389:14:sx127x_getfourbytes	0	static
radio_rm2.c:1395:14:radio_flush_rx	8	static
radio_rm2.c:770:14:rm2_reenter_rx	8	static
radio_rm2.c:583:6:sub_initrx	8	static
radio_rm2.c:742:6:sub_rxtest_callback	8	static
radio_rm2.c:831:14:rm2_rxdata_isr	8	static
radio_rm2.c:1401:14:radio_flush_tx	8	static
radio_rm2.c:996:14:rm2_txtest	8	static
radio_rm2.c:1069:14:rm2_txcsma_isr	8	static
radio_rm2.c:115:6:sx127x_virtual_isr	8	static
radio_rm2.c:150:14:radio_mac_isr	8	static
radio_rm2.c:1407:17:radio_rxopen	8	static
radio_rm2.c:1413:17:radio_rxopen_4	8	static
radio_rm2.c:1419:17:radio_txopen	0	static
radio_rm2.c:1425:17:radio_txopen_4	8	static
radio_rm2.c:1432:16:radio_rssi	0	static
radio_rm2.c:1439:17:radio_check_cca	8	static
radio_rm2.c:1446:14:radio_calibrate	0	static
radio_rm2.c:1452:15:radio_getlinkinfo	0	static
radio_rm2.c:1464:15:radio_getpwrcode	8	static
