radio_rm2_patch.c:59:16:sub_bytes_to_symbols_sf5	8	static
radio_rm2_patch.c:62:16:sub_bytes_to_symbols_sf7	8	static
radio_rm2_patch.c:65:16:sub_bytes_to_symbols_sf9	8	static
radio_rm2_patch.c:68:16:sub_bytes_to_symbols_sf11	8	static
radio_rm2_patch.c:75:16:sub_symbols_to_ti	0	static
radio_rm2_patch.c:83:9:rm2_rxtimeout_floor	0	static
radio_rm2_patch.c:106:9:rm2_default_tgd	0	static
radio_rm2_patch.c:143:9:rm2_bgpkt_duration	8	static
radio_rm2_patch.c:149:9:rm2_scale_codec	16	static
radio_rm2_patch.c:138:9:rm2_pkt_duration	8	static
radio_rm2_patch.c:206:6:em2_encode_newpacket	0	static
radio_rm2_patch.c:213:6:em2_encode_newframe	16	static
radio_rm2_patch.c:308:6:em2_encode_data	16	static
radio_rm2_patch.c:358:6:em2_decode_newpacket	0	static
radio_rm2_patch.c:363:6:em2_decode_newframe	32	static
radio_rm2_patch.c:443:6:em2_decode_data	16	static
radio_rm2_patch.c:547:8:em2_decode_endframe	8	static
