system_hicculp.c:147:7:sub_init_task	16	static
system_hicculp.c:167:14:sys_init	8	static
system_hicculp.c:231:14:sys_panic	8	static
system_hicculp.c:252:14:sys_powerdown	32	static
system_hicculp.c:318:14:sys_resume	8	static
system_hicculp.c:336:14:sys_kill	8	static
system_hicculp.c:372:14:sys_kill_active	8	static
system_hicculp.c:389:14:sys_kill_all	8	static
system_hicculp.c:295:14:sys_halt	8	static
system_hicculp.c:413:6:sys_task_setevent	0	static
system_hicculp.c:417:6:sys_task_setcursor	0	static
system_hicculp.c:421:6:sys_task_setreserve	0	static
system_hicculp.c:425:6:sys_task_setlatency	0	static
system_hicculp.c:433:6:sys_task_setnext_clocks	16	static
system_hicculp.c:429:6:sys_task_setnext	8	static
system_hicculp.c:441:14:sys_task_enable	0	static
system_hicculp.c:455:14:sys_task_disable	0	static
system_hicculp.c:479:17:sys_event_manager	24	static
system_hicculp.c:600:14:sys_task_manager	0	static
system_hicculp.c:619:16:sys_run_task	8	static
system_hicculp.c:647:14:sys_preempt	8	static
system_hicculp.c:659:14:sys_synchronize	8	static
system_hicculp.c:670:14:sys_refresh_scheduler	0	static
